[23:44:13] [INIT] Debug logging enabled → logs/sim_20260812_234413.log
[23:44:13] [INIT] Snapshot interval=30s
[23:44:13] [INIT] Initial population: 6 stalkers, 0 mutants (not counted as trickle spawns)
[23:44:14] [INBOUND] Initial +2 stalkers, +1 mutants (remaining S=1492 M=999)
[23:44:15] [INBOUND] Initial +2 stalkers, +1 mutants (remaining S=1490 M=998)
[23:44:16] [INBOUND] Initial +2 stalkers, +2 mutants (remaining S=1488 M=996)
[23:44:17] [INBOUND] Initial +2 stalkers, +1 mutants (remaining S=1486 M=995)
[23:44:18] [INBOUND] Initial +2 stalkers, +1 mutants (remaining S=1484 M=994)
[23:44:19] [INBOUND] Initial +2 stalkers, +2 mutants (remaining S=1482 M=992)
[23:44:20] [INBOUND] Initial +2 stalkers, +1 mutants (remaining S=1480 M=991)
[23:44:21] [INBOUND] Initial +2 stalkers, +2 mutants (remaining S=1478 M=989)
[23:44:22] [INBOUND] Initial +2 stalkers, +1 mutants (remaining S=1476 M=988)
[23:44:23] [INBOUND] Initial +2 stalkers, +1 mutants (remaining S=1474 M=987)
[23:44:24] [INBOUND] Initial +2 stalkers, +2 mutants (remaining S=1472 M=985)
[23:44:25] [INBOUND] Initial +2 stalkers, +1 mutants (remaining S=1470 M=984)
[23:44:26] [INBOUND] Initial +2 stalkers, +2 mutants (remaining S=1468 M=982)
[23:44:27] [INBOUND] Initial +3 stalkers, +1 mutants (remaining S=1465 M=981)
[23:44:28] [INBOUND] Initial +2 stalkers, +1 mutants (remaining S=1463 M=980)
[23:44:29] [INBOUND] Initial +2 stalkers, +2 mutants (remaining S=1461 M=978)
[23:44:30] [INBOUND] Initial +2 stalkers, +1 mutants (remaining S=1459 M=977)
[23:44:31] [INBOUND] Initial +2 stalkers, +1 mutants (remaining S=1457 M=976)
[23:44:32] [INBOUND] Initial +2 stalkers, +2 mutants (remaining S=1455 M=974)
[23:44:33] [INBOUND] Initial +2 stalkers, +1 mutants (remaining S=1453 M=973)
[23:44:34] [INBOUND] Initial +2 stalkers, +2 mutants (remaining S=1451 M=971)
[23:44:35] [INBOUND] Initial +2 stalkers, +1 mutants (remaining S=1449 M=970)
[23:44:37] [INBOUND] Initial +2 stalkers, +1 mutants (remaining S=1447 M=969)
[23:44:38] [INBOUND] Initial +2 stalkers, +2 mutants (remaining S=1445 M=967)
[23:44:39] [INBOUND] Initial +2 stalkers, +1 mutants (remaining S=1443 M=966)
[23:44:40] [INBOUND] Initial +2 stalkers, +2 mutants (remaining S=1441 M=964)
[23:44:41] [INBOUND] Initial +3 stalkers, +1 mutants (remaining S=1438 M=963)
[23:44:42] [INBOUND] Initial +2 stalkers, +1 mutants (remaining S=1436 M=962)
[23:44:43] [INBOUND] Initial +2 stalkers, +2 mutants (remaining S=1434 M=960)
[23:44:43] [SNAPSHOT] real=0.5min game=D0 00:01 alive S=63 M=38 corpses=82 emission=Dormant nextIn=63gmin desperate=0 hungry=0 interval deaths=3 combats=5 trickleSpawns=0 ranks=[Rookie:63] goals=[Idle:22,Patrol::7] leaders: Serhiy[Rookie/Idle], Connor[Rookie/Idle], Mikhail[Rookie/Patrol:], Ivan[Rookie/Idle], Mykola[Rookie/Patrol:]
[23:44:44] [INBOUND] Initial +2 stalkers, +1 mutants (remaining S=1432 M=959)
[23:44:45] [INBOUND] Initial +2 stalkers, +2 mutants (remaining S=1430 M=957)
[23:44:46] [INBOUND] Initial +2 stalkers, +1 mutants (remaining S=1428 M=956)
[23:44:48] [INBOUND] Initial +2 stalkers, +1 mutants (remaining S=1426 M=955)
[23:44:49] [INBOUND] Initial +2 stalkers, +2 mutants (remaining S=1424 M=953)
[23:44:50] [INBOUND] Initial +2 stalkers, +1 mutants (remaining S=1422 M=952)
[23:44:51] [INBOUND] Initial +2 stalkers, +1 mutants (remaining S=1420 M=951)
[23:44:52] [INBOUND] Initial +2 stalkers, +2 mutants (remaining S=1418 M=949)
[23:44:53] [INBOUND] Initial +2 stalkers, +1 mutants (remaining S=1416 M=948)
[23:44:54] [INBOUND] Initial +2 stalkers, +2 mutants (remaining S=1414 M=946)
[23:44:55] [INBOUND] Initial +3 stalkers, +1 mutants (remaining S=1411 M=945)
[23:44:56] [INBOUND] Initial +2 stalkers, +1 mutants (remaining S=1409 M=944)
[23:44:57] [INBOUND] Initial +2 stalkers, +2 mutants (remaining S=1407 M=942)
[23:44:58] [INBOUND] Initial +2 stalkers, +1 mutants (remaining S=1405 M=941)
[23:44:59] [INBOUND] Initial +2 stalkers, +2 mutants (remaining S=1403 M=939)
[23:45:00] [INBOUND] Initial +2 stalkers, +1 mutants (remaining S=1401 M=938)
[23:45:01] [INBOUND] Initial +2 stalkers, +1 mutants (remaining S=1399 M=937)
[23:45:02] [INBOUND] Initial +2 stalkers, +2 mutants (remaining S=1397 M=935)
[23:45:03] [INBOUND] Initial +2 stalkers, +1 mutants (remaining S=1395 M=934)
[23:45:04] [INBOUND] Initial +2 stalkers, +2 mutants (remaining S=1393 M=932)
[23:45:05] [INBOUND] Initial +2 stalkers, +1 mutants (remaining S=1391 M=931)
[23:45:06] [INBOUND] Initial +2 stalkers, +1 mutants (remaining S=1389 M=930)
[23:45:07] [INBOUND] Initial +2 stalkers, +2 mutants (remaining S=1387 M=928)
[23:45:08] [INBOUND] Initial +2 stalkers, +1 mutants (remaining S=1385 M=927)
[23:45:10] [INBOUND] Initial +3 stalkers, +1 mutants (remaining S=1382 M=926)
[23:45:11] [INBOUND] Initial +2 stalkers, +2 mutants (remaining S=1380 M=924)
[23:45:12] [INBOUND] Initial +2 stalkers, +1 mutants (remaining S=1378 M=923)
[23:45:13] [INBOUND] Initial +2 stalkers, +2 mutants (remaining S=1376 M=921)
[23:45:14] [INBOUND] Initial +2 stalkers, +1 mutants (remaining S=1374 M=920)
[23:45:14] [SNAPSHOT] real=1.0min game=D0 00:02 alive S=95 M=75 corpses=113 emission=Dormant nextIn=62gmin desperate=0 hungry=0 interval deaths=28 combats=31 trickleSpawns=0 ranks=[Rookie:95] goals=[Idle:37,Patrol::10] leaders: Lars[Rookie/Idle], Ivan[Rookie/Idle], Oleg[Rookie/Idle], Timur[Rookie/Idle], Viktor[Rookie/Idle]
[23:45:15] [INBOUND] Initial +2 stalkers, +1 mutants (remaining S=1372 M=919)
[23:45:16] [INBOUND] Initial +2 stalkers, +2 mutants (remaining S=1370 M=917)
[23:45:17] [INBOUND] Initial +2 stalkers, +1 mutants (remaining S=1368 M=916)
[23:45:18] [INBOUND] Initial +2 stalkers, +2 mutants (remaining S=1366 M=914)
[23:45:19] [INBOUND] Initial +2 stalkers, +1 mutants (remaining S=1364 M=913)
[23:45:20] [INBOUND] Initial +2 stalkers, +1 mutants (remaining S=1362 M=912)
[23:45:22] [INBOUND] Initial +2 stalkers, +2 mutants (remaining S=1360 M=910)
[23:45:23] [INBOUND] Initial +2 stalkers, +1 mutants (remaining S=1358 M=909)
[23:45:24] [INBOUND] Initial +3 stalkers, +2 mutants (remaining S=1355 M=907)
[23:45:25] [INBOUND] Initial +2 stalkers, +1 mutants (remaining S=1353 M=906)
[23:45:26] [INBOUND] Initial +2 stalkers, +1 mutants (remaining S=1351 M=905)
[23:45:27] [INBOUND] Initial +2 stalkers, +2 mutants (remaining S=1349 M=903)
[23:45:28] [INBOUND] Initial +2 stalkers, +1 mutants (remaining S=1347 M=902)
[23:45:29] [INBOUND] Initial +2 stalkers, +1 mutants (remaining S=1345 M=901)
[23:45:30] [INBOUND] Initial +2 stalkers, +2 mutants (remaining S=1343 M=899)
[23:45:31] [INBOUND] Initial +2 stalkers, +1 mutants (remaining S=1341 M=898)
[23:45:33] [INBOUND] Initial +2 stalkers, +2 mutants (remaining S=1339 M=896)
[23:45:34] [INBOUND] Initial +2 stalkers, +1 mutants (remaining S=1337 M=895)
[23:45:35] [INBOUND] Initial +2 stalkers, +1 mutants (remaining S=1335 M=894)
[23:45:36] [INBOUND] Initial +2 stalkers, +2 mutants (remaining S=1333 M=892)
[23:45:37] [INBOUND] Initial +2 stalkers, +1 mutants (remaining S=1331 M=891)
[23:45:38] [INBOUND] Initial +3 stalkers, +2 mutants (remaining S=1328 M=889)
[23:45:39] [INBOUND] Initial +2 stalkers, +1 mutants (remaining S=1326 M=888)
[23:45:40] [INBOUND] Initial +2 stalkers, +1 mutants (remaining S=1324 M=887)
[23:45:41] [INBOUND] Initial +2 stalkers, +2 mutants (remaining S=1322 M=885)
[23:45:42] [INBOUND] Initial +2 stalkers, +1 mutants (remaining S=1320 M=884)
[23:45:44] [INBOUND] Initial +2 stalkers, +2 mutants (remaining S=1318 M=882)
[23:45:45] [INBOUND] Initial +2 stalkers, +1 mutants (remaining S=1316 M=881)
[23:45:45] [SNAPSHOT] real=1.5min game=D0 00:04 alive S=110 M=94 corpses=176 emission=Dormant nextIn=60gmin desperate=0 hungry=0 interval deaths=43 combats=63 trickleSpawns=0 ranks=[Rookie:110] goals=[Idle:50,Patrol::12] leaders: Sergei[Rookie/Idle], Mykola[Rookie/Idle], Pavel[Rookie/Idle], Armen[Rookie/Patrol:], Pavel[Rookie/Idle]
[23:45:46] [INBOUND] Initial +2 stalkers, +1 mutants (remaining S=1314 M=880)
[23:45:47] [INBOUND] Initial +2 stalkers, +2 mutants (remaining S=1312 M=878)
[23:45:48] [INBOUND] Initial +2 stalkers, +1 mutants (remaining S=1310 M=877)
[23:45:49] [INBOUND] Initial +2 stalkers, +1 mutants (remaining S=1308 M=876)
[23:45:50] [INBOUND] Initial +2 stalkers, +2 mutants (remaining S=1306 M=874)
[23:45:51] [INBOUND] Initial +2 stalkers, +1 mutants (remaining S=1304 M=873)
[23:45:52] [INBOUND] Initial +2 stalkers, +2 mutants (remaining S=1302 M=871)
[23:45:53] [INBOUND] Initial +3 stalkers, +1 mutants (remaining S=1299 M=870)
[23:45:55] [INBOUND] Initial +2 stalkers, +1 mutants (remaining S=1297 M=869)
[23:45:56] [INBOUND] Initial +2 stalkers, +2 mutants (remaining S=1295 M=867)
[23:45:57] [INBOUND] Initial +2 stalkers, +1 mutants (remaining S=1293 M=866)
[23:45:58] [INBOUND] Initial +2 stalkers, +2 mutants (remaining S=1291 M=864)
[23:45:59] [INBOUND] Initial +2 stalkers, +1 mutants (remaining S=1289 M=863)
[23:46:00] [INBOUND] Initial +2 stalkers, +1 mutants (remaining S=1287 M=862)
[23:46:01] [INBOUND] Initial +2 stalkers, +2 mutants (remaining S=1285 M=860)
[23:46:02] [INBOUND] Initial +2 stalkers, +1 mutants (remaining S=1283 M=859)
[23:46:03] [INBOUND] Initial +2 stalkers, +2 mutants (remaining S=1281 M=857)
[23:46:04] [INBOUND] Initial +2 stalkers, +1 mutants (remaining S=1279 M=856)
[23:46:06] [INBOUND] Initial +2 stalkers, +1 mutants (remaining S=1277 M=855)
[23:46:07] [INBOUND] Initial +2 stalkers, +2 mutants (remaining S=1275 M=853)
[23:46:08] [INBOUND] Initial +3 stalkers, +1 mutants (remaining S=1272 M=852)
[23:46:09] [INBOUND] Initial +2 stalkers, +1 mutants (remaining S=1270 M=851)
[23:46:10] [INBOUND] Initial +2 stalkers, +2 mutants (remaining S=1268 M=849)
[23:46:11] [INBOUND] Initial +2 stalkers, +1 mutants (remaining S=1266 M=848)
[23:46:12] [INBOUND] Initial +2 stalkers, +2 mutants (remaining S=1264 M=846)
[23:46:13] [INBOUND] Initial +2 stalkers, +1 mutants (remaining S=1262 M=845)
[23:46:14] [INBOUND] Initial +2 stalkers, +1 mutants (remaining S=1260 M=844)
[23:46:15] [INBOUND] Initial +2 stalkers, +2 mutants (remaining S=1258 M=842)
[23:46:15] [SNAPSHOT] real=2.0min game=D0 00:05 alive S=129 M=117 corpses=231 emission=Dormant nextIn=59gmin desperate=0 hungry=0 interval deaths=39 combats=55 trickleSpawns=0 ranks=[Rookie:129] goals=[Idle:67,Patrol::9] leaders: Ivan[Rookie/Idle], Pavel[Rookie/Patrol:], Damir[Rookie/Idle], Oleksiy[Rookie/Idle], Andrei[Rookie/Idle]
[23:46:17] [INBOUND] Initial +2 stalkers, +1 mutants (remaining S=1256 M=841)
[23:46:18] [INBOUND] Initial +2 stalkers, +2 mutants (remaining S=1254 M=839)
[23:46:19] [INBOUND] Initial +2 stalkers, +1 mutants (remaining S=1252 M=838)
[23:46:20] [INBOUND] Initial +2 stalkers, +1 mutants (remaining S=1250 M=837)
[23:46:21] [INBOUND] Initial +2 stalkers, +2 mutants (remaining S=1248 M=835)
[23:46:22] [INBOUND] Initial +3 stalkers, +1 mutants (remaining S=1245 M=834)
[23:46:23] [INBOUND] Initial +2 stalkers, +2 mutants (remaining S=1243 M=832)
[23:46:24] [INBOUND] Initial +2 stalkers, +1 mutants (remaining S=1241 M=831)
[23:46:25] [INBOUND] Initial +2 stalkers, +1 mutants (remaining S=1239 M=830)
[23:46:26] [INBOUND] Initial +2 stalkers, +2 mutants (remaining S=1237 M=828)
[23:46:28] [INBOUND] Initial +2 stalkers, +1 mutants (remaining S=1235 M=827)
[23:46:29] [INBOUND] Initial +2 stalkers, +1 mutants (remaining S=1233 M=826)
[23:46:30] [INBOUND] Initial +2 stalkers, +2 mutants (remaining S=1231 M=824)
[23:46:31] [INBOUND] Initial +2 stalkers, +1 mutants (remaining S=1229 M=823)
[23:46:32] [INBOUND] Initial +2 stalkers, +2 mutants (remaining S=1227 M=821)
[23:46:33] [INBOUND] Initial +2 stalkers, +1 mutants (remaining S=1225 M=820)
[23:46:34] [INBOUND] Initial +2 stalkers, +1 mutants (remaining S=1223 M=819)
[23:46:35] [INBOUND] Initial +2 stalkers, +2 mutants (remaining S=1221 M=817)
[23:46:36] [INBOUND] Initial +2 stalkers, +1 mutants (remaining S=1219 M=816)
[23:46:37] [INBOUND] Initial +3 stalkers, +2 mutants (remaining S=1216 M=814)
[23:46:39] [INBOUND] Initial +2 stalkers, +1 mutants (remaining S=1214 M=813)
[23:46:40] [INBOUND] Initial +2 stalkers, +1 mutants (remaining S=1212 M=812)
[23:46:41] [INBOUND] Initial +2 stalkers, +2 mutants (remaining S=1210 M=810)
[23:46:42] [INBOUND] Initial +2 stalkers, +1 mutants (remaining S=1208 M=809)
[23:46:43] [INBOUND] Initial +2 stalkers, +2 mutants (remaining S=1206 M=807)
[23:46:44] [INBOUND] Initial +2 stalkers, +1 mutants (remaining S=1204 M=806)
[23:46:46] [INBOUND] Initial +2 stalkers, +1 mutants (remaining S=1202 M=805)
[23:46:46] [SNAPSHOT] real=2.5min game=D0 00:07 alive S=140 M=130 corpses=300 emission=Dormant nextIn=58gmin desperate=0 hungry=0 interval deaths=45 combats=69 trickleSpawns=0 ranks=[Rookie:140] goals=[Idle:74,Patrol::10] leaders: Viktor[Rookie/Idle], Connor[Rookie/Idle], Alibek[Rookie/Patrol:], Pavel[Rookie/Patrol:], Oleg[Rookie/Idle]
[23:46:47] [INBOUND] Initial +2 stalkers, +2 mutants (remaining S=1200 M=803)
[23:46:48] [INBOUND] Initial +2 stalkers, +1 mutants (remaining S=1198 M=802)
[23:46:49] [INBOUND] Initial +2 stalkers, +1 mutants (remaining S=1196 M=801)
[23:46:50] [INBOUND] Initial +2 stalkers, +2 mutants (remaining S=1194 M=799)
[23:46:52] [INBOUND] Initial +2 stalkers, +1 mutants (remaining S=1192 M=798)
[23:46:53] [INBOUND] Initial +3 stalkers, +2 mutants (remaining S=1189 M=796)
[23:46:54] [INBOUND] Initial +2 stalkers, +1 mutants (remaining S=1187 M=795)
[23:46:55] [INBOUND] Initial +2 stalkers, +1 mutants (remaining S=1185 M=794)
[23:46:56] [INBOUND] Initial +2 stalkers, +2 mutants (remaining S=1183 M=792)
[23:46:58] [INBOUND] Initial +2 stalkers, +1 mutants (remaining S=1181 M=791)
[23:46:59] [INBOUND] Initial +2 stalkers, +2 mutants (remaining S=1179 M=789)
[23:47:00] [INBOUND] Initial +2 stalkers, +1 mutants (remaining S=1177 M=788)
[23:47:01] [INBOUND] Initial +2 stalkers, +1 mutants (remaining S=1175 M=787)
[23:47:02] [INBOUND] Initial +2 stalkers, +2 mutants (remaining S=1173 M=785)
[23:47:04] [INBOUND] Initial +2 stalkers, +1 mutants (remaining S=1171 M=784)
[23:47:05] [INBOUND] Initial +2 stalkers, +2 mutants (remaining S=1169 M=782)
[23:47:06] [INBOUND] Initial +2 stalkers, +1 mutants (remaining S=1167 M=781)
[23:47:07] [INBOUND] Initial +2 stalkers, +1 mutants (remaining S=1165 M=780)
[23:47:08] [INBOUND] Initial +3 stalkers, +2 mutants (remaining S=1162 M=778)
[23:47:10] [INBOUND] Initial +2 stalkers, +1 mutants (remaining S=1160 M=777)
[23:47:11] [INBOUND] Initial +2 stalkers, +1 mutants (remaining S=1158 M=776)
[23:47:12] [INBOUND] Initial +2 stalkers, +2 mutants (remaining S=1156 M=774)
[23:47:13] [INBOUND] Initial +2 stalkers, +1 mutants (remaining S=1154 M=773)
[23:47:15] [INBOUND] Initial +2 stalkers, +2 mutants (remaining S=1152 M=771)
[23:47:15] [RANK] Viktor Petrov 'Ash' → Trainee
[23:47:16] [INBOUND] Initial +2 stalkers, +1 mutants (remaining S=1150 M=770)
[23:47:16] [SNAPSHOT] real=3.0min game=D0 00:08 alive S=149 M=136 corpses=372 emission=Dormant nextIn=56gmin desperate=0 hungry=0 interval deaths=43 combats=72 trickleSpawns=0 ranks=[Rookie:148,Trainee:1] goals=[Idle:75,Patrol::11] leaders: Karl[Rookie/Idle], Mykola[Rookie/Idle], Dmytro[Rookie/Idle], Taras[Rookie/Idle], Serhiy[Rookie/Idle]
[23:47:17] [INBOUND] Initial +2 stalkers, +1 mutants (remaining S=1148 M=769)
[23:47:18] [INBOUND] Initial +2 stalkers, +2 mutants (remaining S=1146 M=767)
[23:47:19] [INBOUND] Initial +2 stalkers, +1 mutants (remaining S=1144 M=766)
[23:47:21] [INBOUND] Initial +2 stalkers, +2 mutants (remaining S=1142 M=764)
[23:47:22] [INBOUND] Initial +2 stalkers, +1 mutants (remaining S=1140 M=763)
[23:47:23] [INBOUND] Initial +2 stalkers, +1 mutants (remaining S=1138 M=762)
[23:47:24] [INBOUND] Initial +2 stalkers, +2 mutants (remaining S=1136 M=760)
[23:47:25] [INBOUND] Initial +3 stalkers, +1 mutants (remaining S=1133 M=759)
[23:47:26] [RANK] Alexei Ivanov 'Ghost' → Trainee
[23:47:27] [INBOUND] Initial +2 stalkers, +2 mutants (remaining S=1131 M=757)
[23:47:28] [INBOUND] Initial +2 stalkers, +1 mutants (remaining S=1129 M=756)
[23:47:29] [INBOUND] Initial +2 stalkers, +1 mutants (remaining S=1127 M=755)
[23:47:30] [INBOUND] Initial +2 stalkers, +2 mutants (remaining S=1125 M=753)
[23:47:31] [RANK] Pierre Petrenko 'Ash' → Trainee
[23:47:31] [INBOUND] Initial +2 stalkers, +1 mutants (remaining S=1123 M=752)
[23:47:33] [INBOUND] Initial +2 stalkers, +1 mutants (remaining S=1121 M=751)
[23:47:34] [INBOUND] Initial +2 stalkers, +2 mutants (remaining S=1119 M=749)
[23:47:35] [INBOUND] Initial +2 stalkers, +1 mutants (remaining S=1117 M=748)
[23:47:36] [INBOUND] Initial +2 stalkers, +2 mutants (remaining S=1115 M=746)
[23:47:37] [INBOUND] Initial +2 stalkers, +1 mutants (remaining S=1113 M=745)
[23:47:39] [INBOUND] Initial +2 stalkers, +1 mutants (remaining S=1111 M=744)
[23:47:40] [INBOUND] Initial +2 stalkers, +2 mutants (remaining S=1109 M=742)
[23:47:41] [INBOUND] Initial +3 stalkers, +1 mutants (remaining S=1106 M=741)
[23:47:42] [INBOUND] Initial +2 stalkers, +2 mutants (remaining S=1104 M=739)
[23:47:43] [INBOUND] Initial +2 stalkers, +1 mutants (remaining S=1102 M=738)
[23:47:44] [INBOUND] Initial +2 stalkers, +1 mutants (remaining S=1100 M=737)
[23:47:46] [INBOUND] Initial +2 stalkers, +2 mutants (remaining S=1098 M=735)
[23:47:47] [INBOUND] Initial +2 stalkers, +1 mutants (remaining S=1096 M=734)
[23:47:47] [SNAPSHOT] real=3.6min game=D0 00:09 alive S=146 M=141 corpses=460 emission=Dormant nextIn=55gmin desperate=0 hungry=0 interval deaths=57 combats=88 trickleSpawns=0 ranks=[Rookie:143,Trainee:3] goals=[Idle:82,Patrol::9] leaders: Oleg[Rookie/Idle], Mykola[Rookie/Patrol:], Yuriy[Rookie/Idle], Sean[Rookie/Idle], Taras[Rookie/Idle]
[23:47:48] [INBOUND] Initial +2 stalkers, +2 mutants (remaining S=1094 M=732)
[23:47:49] [INBOUND] Initial +2 stalkers, +1 mutants (remaining S=1092 M=731)
[23:47:50] [INBOUND] Initial +2 stalkers, +1 mutants (remaining S=1090 M=730)
[23:47:52] [INBOUND] Initial +2 stalkers, +2 mutants (remaining S=1088 M=728)
[23:47:53] [INBOUND] Initial +2 stalkers, +1 mutants (remaining S=1086 M=727)
[23:47:54] [INBOUND] Initial +2 stalkers, +1 mutants (remaining S=1084 M=726)
[23:47:55] [INBOUND] Initial +2 stalkers, +2 mutants (remaining S=1082 M=724)
[23:47:56] [INBOUND] Initial +3 stalkers, +1 mutants (remaining S=1079 M=723)
[23:47:57] [INBOUND] Initial +2 stalkers, +2 mutants (remaining S=1077 M=721)
[23:47:59] [INBOUND] Initial +2 stalkers, +1 mutants (remaining S=1075 M=720)
[23:48:00] [INBOUND] Initial +2 stalkers, +1 mutants (remaining S=1073 M=719)
[23:48:01] [INBOUND] Initial +2 stalkers, +2 mutants (remaining S=1071 M=717)
[23:48:02] [INBOUND] Initial +2 stalkers, +1 mutants (remaining S=1069 M=716)
[23:48:03] [INBOUND] Initial +2 stalkers, +2 mutants (remaining S=1067 M=714)
[23:48:04] [INBOUND] Initial +2 stalkers, +1 mutants (remaining S=1065 M=713)
[23:48:06] [INBOUND] Initial +2 stalkers, +1 mutants (remaining S=1063 M=712)
[23:48:07] [INBOUND] Initial +2 stalkers, +2 mutants (remaining S=1061 M=710)
[23:48:08] [INBOUND] Initial +2 stalkers, +1 mutants (remaining S=1059 M=709)
[23:48:09] [INBOUND] Initial +2 stalkers, +2 mutants (remaining S=1057 M=707)
[23:48:10] [INBOUND] Initial +2 stalkers, +1 mutants (remaining S=1055 M=706)
[23:48:11] [INBOUND] Initial +2 stalkers, +1 mutants (remaining S=1053 M=705)
[23:48:13] [INBOUND] Initial +3 stalkers, +2 mutants (remaining S=1050 M=703)
[23:48:14] [INBOUND] Initial +2 stalkers, +1 mutants (remaining S=1048 M=702)
[23:48:15] [INBOUND] Initial +2 stalkers, +1 mutants (remaining S=1046 M=701)
[23:48:16] [INBOUND] Initial +2 stalkers, +2 mutants (remaining S=1044 M=699)
[23:48:18] [INBOUND] Initial +2 stalkers, +1 mutants (remaining S=1042 M=698)
[23:48:18] [SNAPSHOT] real=4.1min game=D0 00:10 alive S=142 M=143 corpses=552 emission=Dormant nextIn=54gmin desperate=0 hungry=0 interval deaths=58 combats=92 trickleSpawns=0 ranks=[Rookie:141,Trainee:1] goals=[Idle:77,Patrol::10] leaders: Dmytro[Rookie/Idle], Rustam[Rookie/Idle], Dmitri[Rookie/Idle], Dmytro[Rookie/Idle], Alibek[Rookie/Idle]
[23:48:19] [INBOUND] Initial +2 stalkers, +2 mutants (remaining S=1040 M=696)
[23:48:20] [INBOUND] Initial +2 stalkers, +1 mutants (remaining S=1038 M=695)
[23:48:21] [INBOUND] Initial +2 stalkers, +1 mutants (remaining S=1036 M=694)
[23:48:22] [INBOUND] Initial +2 stalkers, +2 mutants (remaining S=1034 M=692)
[23:48:24] [INBOUND] Initial +2 stalkers, +1 mutants (remaining S=1032 M=691)
[23:48:25] [INBOUND] Initial +2 stalkers, +2 mutants (remaining S=1030 M=689)
[23:48:26] [INBOUND] Initial +2 stalkers, +1 mutants (remaining S=1028 M=688)
[23:48:27] [INBOUND] Initial +2 stalkers, +1 mutants (remaining S=1026 M=687)
[23:48:28] [INBOUND] Initial +3 stalkers, +2 mutants (remaining S=1023 M=685)
[23:48:30] [INBOUND] Initial +2 stalkers, +1 mutants (remaining S=1021 M=684)
[23:48:31] [INBOUND] Initial +2 stalkers, +2 mutants (remaining S=1019 M=682)
[23:48:32] [INBOUND] Initial +2 stalkers, +1 mutants (remaining S=1017 M=681)
[23:48:33] [INBOUND] Initial +2 stalkers, +1 mutants (remaining S=1015 M=680)
[23:48:34] [INBOUND] Initial +2 stalkers, +2 mutants (remaining S=1013 M=678)
[23:48:36] [INBOUND] Initial +2 stalkers, +1 mutants (remaining S=1011 M=677)
[23:48:37] [INBOUND] Initial +2 stalkers, +1 mutants (remaining S=1009 M=676)
[23:48:38] [INBOUND] Initial +2 stalkers, +2 mutants (remaining S=1007 M=674)
[23:48:39] [INBOUND] Initial +2 stalkers, +1 mutants (remaining S=1005 M=673)
[23:48:40] [INBOUND] Initial +2 stalkers, +2 mutants (remaining S=1003 M=671)
[23:48:42] [INBOUND] Initial +2 stalkers, +1 mutants (remaining S=1001 M=670)
[23:48:43] [INBOUND] Initial +2 stalkers, +1 mutants (remaining S=999 M=669)
[23:48:44] [INBOUND] Initial +3 stalkers, +2 mutants (remaining S=996 M=667)
[23:48:45] [INBOUND] Initial +2 stalkers, +1 mutants (remaining S=994 M=666)
[23:48:46] [INBOUND] Initial +2 stalkers, +2 mutants (remaining S=992 M=664)
[23:48:48] [INBOUND] Initial +2 stalkers, +1 mutants (remaining S=990 M=663)
[23:48:48] [SNAPSHOT] real=4.6min game=D0 00:12 alive S=153 M=155 corpses=616 emission=Dormant nextIn=52gmin desperate=0 hungry=0 interval deaths=41 combats=64 trickleSpawns=0 ranks=[Rookie:152,Trainee:1] goals=[Idle:85,Patrol::6] leaders: Timur[Rookie/Idle], Timur[Rookie/Idle], Jake[Rookie/Idle], Ivan[Rookie/Idle], Vasyl[Rookie/Idle]
[23:48:49] [INBOUND] Initial +2 stalkers, +1 mutants (remaining S=988 M=662)
[23:48:50] [INBOUND] Initial +2 stalkers, +2 mutants (remaining S=986 M=660)
[23:48:51] [INBOUND] Initial +2 stalkers, +1 mutants (remaining S=984 M=659)
[23:48:52] [INBOUND] Initial +2 stalkers, +2 mutants (remaining S=982 M=657)
[23:48:54] [INBOUND] Initial +2 stalkers, +1 mutants (remaining S=980 M=656)
[23:48:55] [INBOUND] Initial +2 stalkers, +1 mutants (remaining S=978 M=655)
[23:48:56] [INBOUND] Initial +2 stalkers, +2 mutants (remaining S=976 M=653)
[23:48:57] [INBOUND] Initial +2 stalkers, +1 mutants (remaining S=974 M=652)
[23:48:58] [INBOUND] Initial +2 stalkers, +1 mutants (remaining S=972 M=651)
[23:49:00] [INBOUND] Initial +2 stalkers, +2 mutants (remaining S=970 M=649)
[23:49:01] [INBOUND] Initial +3 stalkers, +1 mutants (remaining S=967 M=648)
[23:49:02] [INBOUND] Initial +2 stalkers, +2 mutants (remaining S=965 M=646)
[23:49:03] [INBOUND] Initial +2 stalkers, +1 mutants (remaining S=963 M=645)
[23:49:04] [INBOUND] Initial +2 stalkers, +1 mutants (remaining S=961 M=644)
[23:49:06] [INBOUND] Initial +2 stalkers, +2 mutants (remaining S=959 M=642)
[23:49:07] [INBOUND] Initial +2 stalkers, +1 mutants (remaining S=957 M=641)
[23:49:08] [INBOUND] Initial +2 stalkers, +2 mutants (remaining S=955 M=639)
[23:49:09] [INBOUND] Initial +2 stalkers, +1 mutants (remaining S=953 M=638)
[23:49:10] [INBOUND] Initial +2 stalkers, +1 mutants (remaining S=951 M=637)
[23:49:12] [INBOUND] Initial +2 stalkers, +2 mutants (remaining S=949 M=635)
[23:49:13] [INBOUND] Initial +2 stalkers, +1 mutants (remaining S=947 M=634)
[23:49:14] [INBOUND] Initial +2 stalkers, +2 mutants (remaining S=945 M=632)
[23:49:15] [INBOUND] Initial +2 stalkers, +1 mutants (remaining S=943 M=631)
[23:49:16] [INBOUND] Initial +3 stalkers, +1 mutants (remaining S=940 M=630)
[23:49:18] [INBOUND] Initial +2 stalkers, +2 mutants (remaining S=938 M=628)
[23:49:18] [SNAPSHOT] real=5.1min game=D0 00:13 alive S=165 M=162 corpses=684 emission=Dormant nextIn=51gmin desperate=0 hungry=0 interval deaths=40 combats=68 trickleSpawns=0 ranks=[Rookie:164,Trainee:1] goals=[Idle:89,Patrol::7] leaders: Sergei[Rookie/Idle], Oleksiy[Rookie/Idle], Mykola[Rookie/Idle], Dmytro[Rookie/Patrol:], Mykola[Rookie/Patrol:]
[23:49:19] [INBOUND] Initial +2 stalkers, +1 mutants (remaining S=936 M=627)
[23:49:20] [INBOUND] Initial +2 stalkers, +1 mutants (remaining S=934 M=626)
[23:49:21] [INBOUND] Initial +2 stalkers, +2 mutants (remaining S=932 M=624)
[23:49:22] [INBOUND] Initial +2 stalkers, +1 mutants (remaining S=930 M=623)
[23:49:23] [RANK] Connor Volkov 'One-Eye' → Trainee
[23:49:24] [INBOUND] Initial +2 stalkers, +2 mutants (remaining S=928 M=621)
[23:49:25] [INBOUND] Initial +2 stalkers, +1 mutants (remaining S=926 M=620)
[23:49:26] [INBOUND] Initial +2 stalkers, +1 mutants (remaining S=924 M=619)
[23:49:27] [INBOUND] Initial +2 stalkers, +2 mutants (remaining S=922 M=617)
[23:49:28] [INBOUND] Initial +2 stalkers, +1 mutants (remaining S=920 M=616)
[23:49:30] [INBOUND] Initial +2 stalkers, +2 mutants (remaining S=918 M=614)
[23:49:31] [INBOUND] Initial +2 stalkers, +1 mutants (remaining S=916 M=613)
[23:49:31] [RANK] Alexei Ivanov 'Ghost' → Experienced
[23:49:32] [INBOUND] Initial +3 stalkers, +1 mutants (remaining S=913 M=612)
[23:49:33] [INBOUND] Initial +2 stalkers, +2 mutants (remaining S=911 M=610)
[23:49:34] [INBOUND] Initial +2 stalkers, +1 mutants (remaining S=909 M=609)
[23:49:36] [INBOUND] Initial +2 stalkers, +2 mutants (remaining S=907 M=607)
[23:49:37] [INBOUND] Initial +2 stalkers, +1 mutants (remaining S=905 M=606)
[23:49:38] [INBOUND] Initial +2 stalkers, +1 mutants (remaining S=903 M=605)
[23:49:39] [INBOUND] Initial +2 stalkers, +2 mutants (remaining S=901 M=603)
[23:49:40] [RANK] Yuriy Sokolov 'Badger' → Trainee
[23:49:40] [INBOUND] Initial +2 stalkers, +1 mutants (remaining S=899 M=602)
[23:49:42] [INBOUND] Initial +2 stalkers, +1 mutants (remaining S=897 M=601)
[23:49:43] [INBOUND] Initial +2 stalkers, +2 mutants (remaining S=895 M=599)
[23:49:44] [INBOUND] Initial +2 stalkers, +1 mutants (remaining S=893 M=598)
[23:49:45] [INBOUND] Initial +2 stalkers, +2 mutants (remaining S=891 M=596)
[23:49:46] [INBOUND] Initial +2 stalkers, +1 mutants (remaining S=889 M=595)
[23:49:48] [INBOUND] Initial +2 stalkers, +1 mutants (remaining S=887 M=594)
[23:49:48] [SNAPSHOT] real=5.6min game=D0 00:14 alive S=169 M=163 corpses=764 emission=Dormant nextIn=50gmin desperate=0 hungry=0 interval deaths=47 combats=80 trickleSpawns=0 ranks=[Rookie:166,Trainee:2,Experienced:1] goals=[Idle:82,Patrol::10,Traveling:1] leaders: Mykola[Rookie/Patrol:], Mykola[Rookie/Idle], Sergei[Rookie/Idle], Andrei[Rookie/Idle], Igor[Rookie/Traveling]
[23:49:49] [INBOUND] Initial +3 stalkers, +2 mutants (remaining S=884 M=592)
[23:49:50] [INBOUND] Initial +2 stalkers, +1 mutants (remaining S=882 M=591)
[23:49:51] [INBOUND] Initial +2 stalkers, +2 mutants (remaining S=880 M=589)
[23:49:52] [INBOUND] Initial +2 stalkers, +1 mutants (remaining S=878 M=588)
[23:49:54] [INBOUND] Initial +2 stalkers, +1 mutants (remaining S=876 M=587)
[23:49:55] [INBOUND] Initial +2 stalkers, +2 mutants (remaining S=874 M=585)
[23:49:56] [INBOUND] Initial +2 stalkers, +1 mutants (remaining S=872 M=584)
[23:49:57] [INBOUND] Initial +2 stalkers, +2 mutants (remaining S=870 M=582)
[23:49:58] [INBOUND] Initial +2 stalkers, +1 mutants (remaining S=868 M=581)
[23:50:00] [INBOUND] Initial +2 stalkers, +1 mutants (remaining S=866 M=580)
[23:50:01] [INBOUND] Initial +2 stalkers, +2 mutants (remaining S=864 M=578)
[23:50:02] [INBOUND] Initial +2 stalkers, +1 mutants (remaining S=862 M=577)
[23:50:03] [INBOUND] Initial +2 stalkers, +1 mutants (remaining S=860 M=576)
[23:50:04] [INBOUND] Initial +3 stalkers, +2 mutants (remaining S=857 M=574)
[23:50:06] [INBOUND] Initial +2 stalkers, +1 mutants (remaining S=855 M=573)
[23:50:07] [INBOUND] Initial +2 stalkers, +2 mutants (remaining S=853 M=571)
[23:50:08] [INBOUND] Initial +2 stalkers, +1 mutants (remaining S=851 M=570)
[23:50:09] [INBOUND] Initial +2 stalkers, +1 mutants (remaining S=849 M=569)
[23:50:11] [INBOUND] Initial +2 stalkers, +2 mutants (remaining S=847 M=567)
[23:50:11] [RANK] Connor Volkov 'One-Eye' → Experienced
[23:50:12] [INBOUND] Initial +2 stalkers, +1 mutants (remaining S=845 M=566)
[23:50:13] [INBOUND] Initial +2 stalkers, +2 mutants (remaining S=843 M=564)
[23:50:14] [INBOUND] Initial +2 stalkers, +1 mutants (remaining S=841 M=563)
[23:50:16] [INBOUND] Initial +2 stalkers, +1 mutants (remaining S=839 M=562)
[23:50:17] [INBOUND] Initial +2 stalkers, +2 mutants (remaining S=837 M=560)
[23:50:18] [INBOUND] Initial +2 stalkers, +1 mutants (remaining S=835 M=559)
[23:50:18] [SNAPSHOT] real=6.1min game=D0 00:15 alive S=177 M=164 corpses=842 emission=Dormant nextIn=49gmin desperate=0 hungry=0 interval deaths=44 combats=78 trickleSpawns=0 ranks=[Rookie:174,Trainee:1,Experienced:2] goals=[Idle:89,Patrol::6,Traveling:1] leaders: Oleg[Rookie/Idle], Ivan[Rookie/Idle], Ivan[Rookie/Idle], Sergei[Rookie/Traveling], Viktor[Rookie/Idle]
[23:50:19] [INBOUND] Initial +2 stalkers, +2 mutants (remaining S=833 M=557)
[23:50:20] [INBOUND] Initial +3 stalkers, +1 mutants (remaining S=830 M=556)
[23:50:22] [INBOUND] Initial +2 stalkers, +1 mutants (remaining S=828 M=555)
[23:50:23] [INBOUND] Initial +2 stalkers, +2 mutants (remaining S=826 M=553)
[23:50:24] [INBOUND] Initial +2 stalkers, +1 mutants (remaining S=824 M=552)
[23:50:26] [INBOUND] Initial +2 stalkers, +1 mutants (remaining S=822 M=551)
[23:50:27] [INBOUND] Initial +2 stalkers, +2 mutants (remaining S=820 M=549)
[23:50:28] [INBOUND] Initial +2 stalkers, +1 mutants (remaining S=818 M=548)
[23:50:29] [INBOUND] Initial +2 stalkers, +2 mutants (remaining S=816 M=546)
[23:50:31] [INBOUND] Initial +2 stalkers, +1 mutants (remaining S=814 M=545)
[23:50:32] [INBOUND] Initial +2 stalkers, +1 mutants (remaining S=812 M=544)
[23:50:33] [INBOUND] Initial +2 stalkers, +2 mutants (remaining S=810 M=542)
[23:50:35] [INBOUND] Initial +2 stalkers, +1 mutants (remaining S=808 M=541)
[23:50:36] [INBOUND] Initial +2 stalkers, +2 mutants (remaining S=806 M=539)
[23:50:37] [INBOUND] Initial +2 stalkers, +1 mutants (remaining S=804 M=538)
[23:50:38] [INBOUND] Initial +3 stalkers, +1 mutants (remaining S=801 M=537)
[23:50:40] [INBOUND] Initial +2 stalkers, +2 mutants (remaining S=799 M=535)
[23:50:41] [INBOUND] Initial +2 stalkers, +1 mutants (remaining S=797 M=534)
[23:50:42] [INBOUND] Initial +2 stalkers, +2 mutants (remaining S=795 M=532)
[23:50:44] [INBOUND] Initial +2 stalkers, +1 mutants (remaining S=793 M=531)
[23:50:45] [INBOUND] Initial +2 stalkers, +1 mutants (remaining S=791 M=530)
[23:50:46] [INBOUND] Initial +2 stalkers, +2 mutants (remaining S=789 M=528)
[23:50:48] [INBOUND] Initial +2 stalkers, +1 mutants (remaining S=787 M=527)
[23:50:49] [INBOUND] Initial +2 stalkers, +1 mutants (remaining S=785 M=526)
[23:50:49] [SNAPSHOT] real=6.6min game=D0 00:17 alive S=184 M=163 corpses=919 emission=Dormant nextIn=48gmin desperate=0 hungry=0 interval deaths=43 combats=77 trickleSpawns=0 ranks=[Rookie:183,Experienced:1] goals=[Idle:96,Patrol::9] leaders: Tobias[Rookie/Idle], Vasyl[Rookie/Patrol:], Lasha[Rookie/Patrol:], Oleg[Rookie/Idle], Ivan[Rookie/Idle]
[23:50:50] [INBOUND] Initial +2 stalkers, +2 mutants (remaining S=783 M=524)
[23:50:51] [INBOUND] Initial +2 stalkers, +1 mutants (remaining S=781 M=523)
[23:50:53] [INBOUND] Initial +2 stalkers, +2 mutants (remaining S=779 M=521)
[23:50:54] [INBOUND] Initial +2 stalkers, +1 mutants (remaining S=777 M=520)
[23:50:55] [INBOUND] Initial +3 stalkers, +1 mutants (remaining S=774 M=519)
[23:50:57] [INBOUND] Initial +2 stalkers, +2 mutants (remaining S=772 M=517)
[23:50:58] [INBOUND] Initial +2 stalkers, +1 mutants (remaining S=770 M=516)
[23:50:59] [INBOUND] Initial +2 stalkers, +2 mutants (remaining S=768 M=514)
[23:51:00] [INBOUND] Initial +2 stalkers, +1 mutants (remaining S=766 M=513)
[23:51:02] [INBOUND] Initial +2 stalkers, +1 mutants (remaining S=764 M=512)
[23:51:03] [INBOUND] Initial +2 stalkers, +2 mutants (remaining S=762 M=510)
[23:51:04] [INBOUND] Initial +2 stalkers, +1 mutants (remaining S=760 M=509)
[23:51:06] [INBOUND] Initial +2 stalkers, +2 mutants (remaining S=758 M=507)
[23:51:06] [RANK] Alibek Shevchenko 'Bullet' → Trainee
[23:51:07] [INBOUND] Initial +2 stalkers, +1 mutants (remaining S=756 M=506)
[23:51:08] [INBOUND] Initial +2 stalkers, +1 mutants (remaining S=754 M=505)
[23:51:09] [INBOUND] Initial +2 stalkers, +2 mutants (remaining S=752 M=503)
[23:51:11] [INBOUND] Initial +2 stalkers, +1 mutants (remaining S=750 M=502)
[23:51:12] [INBOUND] Initial +3 stalkers, +1 mutants (remaining S=747 M=501)
[23:51:13] [INBOUND] Initial +2 stalkers, +2 mutants (remaining S=745 M=499)
[23:51:15] [INBOUND] Initial +2 stalkers, +1 mutants (remaining S=743 M=498)
[23:51:16] [INBOUND] Initial +2 stalkers, +2 mutants (remaining S=741 M=496)
[23:51:17] [INBOUND] Initial +2 stalkers, +1 mutants (remaining S=739 M=495)
[23:51:18] [INBOUND] Initial +2 stalkers, +1 mutants (remaining S=737 M=494)
[23:51:20] [INBOUND] Initial +2 stalkers, +2 mutants (remaining S=735 M=492)
[23:51:20] [SNAPSHOT] real=7.1min game=D0 00:18 alive S=175 M=167 corpses=1008 emission=Dormant nextIn=46gmin desperate=0 hungry=0 interval deaths=59 combats=89 trickleSpawns=0 ranks=[Rookie:173,Trainee:1,Experienced:1] goals=[Idle:91,Patrol::9,💼:1] leaders: Timur[Rookie/Patrol:], Andriy[Rookie/Idle], Viktor[Rookie/💼], Karl[Rookie/Idle], Andriy[Rookie/Idle]
[23:51:21] [INBOUND] Initial +2 stalkers, +1 mutants (remaining S=733 M=491)
[23:51:22] [INBOUND] Initial +2 stalkers, +2 mutants (remaining S=731 M=489)
[23:51:24] [INBOUND] Initial +2 stalkers, +1 mutants (remaining S=729 M=488)
[23:51:25] [INBOUND] Initial +2 stalkers, +1 mutants (remaining S=727 M=487)
[23:51:26] [INBOUND] Initial +2 stalkers, +2 mutants (remaining S=725 M=485)
[23:51:27] [INBOUND] Initial +2 stalkers, +1 mutants (remaining S=723 M=484)
[23:51:29] [INBOUND] Initial +2 stalkers, +2 mutants (remaining S=721 M=482)
[23:51:29] [RANK] Andriy Ivanov 'Spark' → Trainee
[23:51:30] [INBOUND] Initial +3 stalkers, +1 mutants (remaining S=718 M=481)
[23:51:31] [INBOUND] Initial +2 stalkers, +1 mutants (remaining S=716 M=480)
[23:51:32] [INBOUND] Initial +2 stalkers, +2 mutants (remaining S=714 M=478)
[23:51:34] [INBOUND] Initial +2 stalkers, +1 mutants (remaining S=712 M=477)
[23:51:35] [INBOUND] Initial +2 stalkers, +1 mutants (remaining S=710 M=476)
[23:51:36] [INBOUND] Initial +2 stalkers, +2 mutants (remaining S=708 M=474)
[23:51:38] [INBOUND] Initial +2 stalkers, +1 mutants (remaining S=706 M=473)
[23:51:39] [INBOUND] Initial +2 stalkers, +2 mutants (remaining S=704 M=471)
[23:51:40] [INBOUND] Initial +2 stalkers, +1 mutants (remaining S=702 M=470)
[23:51:42] [INBOUND] Initial +2 stalkers, +1 mutants (remaining S=700 M=469)
[23:51:43] [INBOUND] Initial +2 stalkers, +2 mutants (remaining S=698 M=467)
[23:51:44] [INBOUND] Initial +2 stalkers, +1 mutants (remaining S=696 M=466)
[23:51:45] [INBOUND] Initial +2 stalkers, +2 mutants (remaining S=694 M=464)
[23:51:47] [INBOUND] Initial +3 stalkers, +1 mutants (remaining S=691 M=463)
[23:51:48] [INBOUND] Initial +2 stalkers, +1 mutants (remaining S=689 M=462)
[23:51:49] [INBOUND] Initial +2 stalkers, +2 mutants (remaining S=687 M=460)
[23:51:51] [INBOUND] Initial +2 stalkers, +1 mutants (remaining S=685 M=459)
[23:51:51] [SNAPSHOT] real=7.6min game=D0 00:19 alive S=173 M=179 corpses=1081 emission=Dormant nextIn=45gmin desperate=0 hungry=0 interval deaths=52 combats=73 trickleSpawns=0 ranks=[Rookie:170,Trainee:2,Experienced:1] goals=[Idle:92,Patrol::9,💼:1] leaders: Rustam[Rookie/Idle], Timur[Rookie/Patrol:], Mykola[Rookie/Idle], Heinrich[Rookie/Idle], Sergei[Rookie/Patrol:]
[23:51:52] [INBOUND] Initial +2 stalkers, +2 mutants (remaining S=683 M=457)
[23:51:53] [INBOUND] Initial +2 stalkers, +1 mutants (remaining S=681 M=456)
[23:51:55] [INBOUND] Initial +2 stalkers, +1 mutants (remaining S=679 M=455)
[23:51:56] [INBOUND] Initial +2 stalkers, +2 mutants (remaining S=677 M=453)
[23:51:57] [INBOUND] Initial +2 stalkers, +1 mutants (remaining S=675 M=452)
[23:51:58] [INBOUND] Initial +2 stalkers, +1 mutants (remaining S=673 M=451)
[23:51:59] [RANK] Jake Ivanov 'Spark' → Trainee
[23:52:00] [INBOUND] Initial +2 stalkers, +2 mutants (remaining S=671 M=449)
[23:52:01] [INBOUND] Initial +2 stalkers, +1 mutants (remaining S=669 M=448)
[23:52:02] [RANK] Viktor Bondarenko 'Phantom' → Trainee
[23:52:02] [INBOUND] Initial +2 stalkers, +2 mutants (remaining S=667 M=446)
[23:52:04] [INBOUND] Initial +3 stalkers, +1 mutants (remaining S=664 M=445)
[23:52:05] [INBOUND] Initial +2 stalkers, +1 mutants (remaining S=662 M=444)
[23:52:06] [INBOUND] Initial +2 stalkers, +2 mutants (remaining S=660 M=442)
[23:52:08] [INBOUND] Initial +2 stalkers, +1 mutants (remaining S=658 M=441)
[23:52:09] [INBOUND] Initial +2 stalkers, +2 mutants (remaining S=656 M=439)
[23:52:10] [INBOUND] Initial +2 stalkers, +1 mutants (remaining S=654 M=438)
[23:52:11] [INBOUND] Initial +2 stalkers, +1 mutants (remaining S=652 M=437)
[23:52:13] [INBOUND] Initial +2 stalkers, +2 mutants (remaining S=650 M=435)
[23:52:14] [INBOUND] Initial +2 stalkers, +1 mutants (remaining S=648 M=434)
[23:52:15] [INBOUND] Initial +2 stalkers, +2 mutants (remaining S=646 M=432)
[23:52:17] [INBOUND] Initial +2 stalkers, +1 mutants (remaining S=644 M=431)
[23:52:18] [INBOUND] Initial +2 stalkers, +1 mutants (remaining S=642 M=430)
[23:52:19] [INBOUND] Initial +2 stalkers, +2 mutants (remaining S=640 M=428)
[23:52:21] [INBOUND] Initial +2 stalkers, +1 mutants (remaining S=638 M=427)
[23:52:22] [INBOUND] Initial +3 stalkers, +1 mutants (remaining S=635 M=426)
[23:52:22] [SNAPSHOT] real=8.1min game=D0 00:20 alive S=189 M=181 corpses=1146 emission=Dormant nextIn=44gmin desperate=0 hungry=0 interval deaths=34 combats=65 trickleSpawns=0 ranks=[Rookie:184,Trainee:4,Experienced:1] goals=[Idle:103,Patrol::8] leaders: Andriy[Rookie/Idle], Nikolai[Rookie/Idle], Rustam[Rookie/Idle], Mykola[Rookie/Idle], Heinrich[Rookie/Idle]
[23:52:23] [INBOUND] Initial +2 stalkers, +2 mutants (remaining S=633 M=424)
[23:52:24] [INBOUND] Initial +2 stalkers, +1 mutants (remaining S=631 M=423)
[23:52:26] [INBOUND] Initial +2 stalkers, +2 mutants (remaining S=629 M=421)
[23:52:27] [INBOUND] Initial +2 stalkers, +1 mutants (remaining S=627 M=420)
[23:52:28] [INBOUND] Initial +2 stalkers, +1 mutants (remaining S=625 M=419)
[23:52:30] [INBOUND] Initial +2 stalkers, +2 mutants (remaining S=623 M=417)
[23:52:31] [INBOUND] Initial +2 stalkers, +1 mutants (remaining S=621 M=416)
[23:52:32] [INBOUND] Initial +2 stalkers, +2 mutants (remaining S=619 M=414)
[23:52:34] [INBOUND] Initial +2 stalkers, +1 mutants (remaining S=617 M=413)
[23:52:35] [INBOUND] Initial +2 stalkers, +1 mutants (remaining S=615 M=412)
[23:52:36] [INBOUND] Initial +2 stalkers, +2 mutants (remaining S=613 M=410)
[23:52:37] [INBOUND] Initial +2 stalkers, +1 mutants (remaining S=611 M=409)
[23:52:39] [INBOUND] Initial +3 stalkers, +2 mutants (remaining S=608 M=407)
[23:52:40] [INBOUND] Initial +2 stalkers, +1 mutants (remaining S=606 M=406)
[23:52:41] [INBOUND] Initial +2 stalkers, +1 mutants (remaining S=604 M=405)
[23:52:43] [INBOUND] Initial +2 stalkers, +2 mutants (remaining S=602 M=403)
[23:52:44] [INBOUND] Initial +2 stalkers, +1 mutants (remaining S=600 M=402)
[23:52:45] [INBOUND] Initial +2 stalkers, +1 mutants (remaining S=598 M=401)
[23:52:47] [INBOUND] Initial +2 stalkers, +2 mutants (remaining S=596 M=399)
[23:52:48] [INBOUND] Initial +2 stalkers, +1 mutants (remaining S=594 M=398)
[23:52:49] [INBOUND] Initial +2 stalkers, +2 mutants (remaining S=592 M=396)
[23:52:50] [INBOUND] Initial +2 stalkers, +1 mutants (remaining S=590 M=395)
[23:52:52] [INBOUND] Initial +2 stalkers, +1 mutants (remaining S=588 M=394)
[23:52:53] [INBOUND] Initial +2 stalkers, +2 mutants (remaining S=586 M=392)
[23:52:53] [SNAPSHOT] real=8.7min game=D0 00:21 alive S=199 M=200 corpses=1200 emission=Dormant nextIn=43gmin desperate=0 hungry=0 interval deaths=39 combats=54 trickleSpawns=0 ranks=[Rookie:196,Trainee:2,Experienced:1] goals=[Idle:106,Patrol::14,Traveling:1] leaders: Andrei[Rookie/Idle], Nikolai[Rookie/Patrol:], Mykola[Rookie/Patrol:], Pavel[Rookie/Idle], Tobias[Rookie/Idle]
[23:52:54] [INBOUND] Initial +2 stalkers, +1 mutants (remaining S=584 M=391)
[23:52:56] [INBOUND] Initial +3 stalkers, +2 mutants (remaining S=581 M=389)
[23:52:57] [INBOUND] Initial +2 stalkers, +1 mutants (remaining S=579 M=388)
[23:52:58] [INBOUND] Initial +2 stalkers, +1 mutants (remaining S=577 M=387)
[23:53:00] [INBOUND] Initial +2 stalkers, +2 mutants (remaining S=575 M=385)
[23:53:01] [INBOUND] Initial +2 stalkers, +1 mutants (remaining S=573 M=384)
[23:53:01] [RANK] Vasyl Petrenko 'Phantom' → Trainee
[23:53:02] [INBOUND] Initial +2 stalkers, +2 mutants (remaining S=571 M=382)
[23:53:03] [INBOUND] Initial +2 stalkers, +1 mutants (remaining S=569 M=381)
[23:53:05] [INBOUND] Initial +2 stalkers, +1 mutants (remaining S=567 M=380)
[23:53:06] [INBOUND] Initial +2 stalkers, +2 mutants (remaining S=565 M=378)
[23:53:07] [INBOUND] Initial +2 stalkers, +1 mutants (remaining S=563 M=377)
[23:53:08] [RANK] Ivan Shevchenko 'Fox' → Trainee
[23:53:09] [INBOUND] Initial +2 stalkers, +1 mutants (remaining S=561 M=376)
[23:53:10] [INBOUND] Initial +2 stalkers, +2 mutants (remaining S=559 M=374)
[23:53:11] [INBOUND] Initial +2 stalkers, +1 mutants (remaining S=557 M=373)
[23:53:13] [INBOUND] Initial +2 stalkers, +2 mutants (remaining S=555 M=371)
[23:53:14] [INBOUND] Initial +3 stalkers, +1 mutants (remaining S=552 M=370)
[23:53:15] [INBOUND] Initial +2 stalkers, +1 mutants (remaining S=550 M=369)
[23:53:16] [INBOUND] Initial +2 stalkers, +2 mutants (remaining S=548 M=367)
[23:53:18] [INBOUND] Initial +2 stalkers, +1 mutants (remaining S=546 M=366)
[23:53:19] [INBOUND] Initial +2 stalkers, +2 mutants (remaining S=544 M=364)
[23:53:20] [INBOUND] Initial +2 stalkers, +1 mutants (remaining S=542 M=363)
[23:53:22] [INBOUND] Initial +2 stalkers, +1 mutants (remaining S=540 M=362)
[23:53:23] [INBOUND] Initial +2 stalkers, +2 mutants (remaining S=538 M=360)
[23:53:24] [INBOUND] Initial +2 stalkers, +1 mutants (remaining S=536 M=359)
[23:53:24] [SNAPSHOT] real=9.2min game=D0 00:23 alive S=195 M=206 corpses=1281 emission=Dormant nextIn=42gmin desperate=0 hungry=0 interval deaths=54 combats=81 trickleSpawns=0 ranks=[Rookie:191,Trainee:3,Experienced:1] goals=[Idle:102,Patrol::14,Traveling:1] leaders: Andrei[Rookie/Idle], Nikolai[Rookie/Patrol:], Mykola[Rookie/Patrol:], Pavel[Rookie/Idle], Damir[Rookie/Patrol:]
[23:53:26] [INBOUND] Initial +2 stalkers, +2 mutants (remaining S=534 M=357)
[23:53:27] [INBOUND] Initial +2 stalkers, +1 mutants (remaining S=532 M=356)
[23:53:28] [INBOUND] Initial +2 stalkers, +1 mutants (remaining S=530 M=355)
[23:53:29] [INBOUND] Initial +2 stalkers, +2 mutants (remaining S=528 M=353)
[23:53:31] [INBOUND] Initial +3 stalkers, +1 mutants (remaining S=525 M=352)
[23:53:32] [INBOUND] Initial +2 stalkers, +1 mutants (remaining S=523 M=351)
[23:53:33] [INBOUND] Initial +2 stalkers, +2 mutants (remaining S=521 M=349)
[23:53:34] [RANK] Bohdan Kovalenko 'Ghost' → Trainee
[23:53:35] [INBOUND] Initial +2 stalkers, +1 mutants (remaining S=519 M=348)
[23:53:36] [INBOUND] Initial +2 stalkers, +2 mutants (remaining S=517 M=346)
[23:53:37] [INBOUND] Initial +2 stalkers, +1 mutants (remaining S=515 M=345)
[23:53:39] [INBOUND] Initial +2 stalkers, +1 mutants (remaining S=513 M=344)
[23:53:40] [INBOUND] Initial +2 stalkers, +2 mutants (remaining S=511 M=342)
[23:53:41] [INBOUND] Initial +2 stalkers, +1 mutants (remaining S=509 M=341)
[23:53:42] [INBOUND] Initial +2 stalkers, +2 mutants (remaining S=507 M=339)
[23:53:44] [INBOUND] Initial +2 stalkers, +1 mutants (remaining S=505 M=338)
[23:53:45] [INBOUND] Initial +2 stalkers, +1 mutants (remaining S=503 M=337)
[23:53:46] [INBOUND] Initial +2 stalkers, +2 mutants (remaining S=501 M=335)
[23:53:48] [INBOUND] Initial +3 stalkers, +1 mutants (remaining S=498 M=334)
[23:53:49] [INBOUND] Initial +2 stalkers, +2 mutants (remaining S=496 M=332)
[23:53:50] [INBOUND] Initial +2 stalkers, +1 mutants (remaining S=494 M=331)
[23:53:52] [INBOUND] Initial +2 stalkers, +1 mutants (remaining S=492 M=330)
[23:53:53] [INBOUND] Initial +2 stalkers, +2 mutants (remaining S=490 M=328)
[23:53:54] [INBOUND] Initial +2 stalkers, +1 mutants (remaining S=488 M=327)
[23:53:55] [INBOUND] Initial +2 stalkers, +1 mutants (remaining S=486 M=326)
[23:53:55] [SNAPSHOT] real=9.7min game=D0 00:24 alive S=189 M=209 corpses=1367 emission=Dormant nextIn=40gmin desperate=0 hungry=0 interval deaths=56 combats=86 trickleSpawns=0 ranks=[Rookie:184,Trainee:4,Experienced:1] goals=[Idle:97,Patrol::7] leaders: Nikolai[Rookie/Patrol:], Nikolai[Rookie/Idle], Mykola[Rookie/Idle], Sergei[Rookie/Idle], Yuriy[Rookie/Idle]
[23:53:57] [INBOUND] Initial +2 stalkers, +2 mutants (remaining S=484 M=324)
[23:53:58] [INBOUND] Initial +2 stalkers, +1 mutants (remaining S=482 M=323)
[23:53:59] [INBOUND] Initial +2 stalkers, +2 mutants (remaining S=480 M=321)
[23:54:01] [INBOUND] Initial +2 stalkers, +1 mutants (remaining S=478 M=320)
[23:54:02] [INBOUND] Initial +2 stalkers, +1 mutants (remaining S=476 M=319)
[23:54:03] [INBOUND] Initial +2 stalkers, +2 mutants (remaining S=474 M=317)
[23:54:05] [INBOUND] Initial +2 stalkers, +1 mutants (remaining S=472 M=316)
[23:54:06] [INBOUND] Initial +3 stalkers, +2 mutants (remaining S=469 M=314)
[23:54:07] [INBOUND] Initial +2 stalkers, +1 mutants (remaining S=467 M=313)
[23:54:08] [INBOUND] Initial +2 stalkers, +1 mutants (remaining S=465 M=312)
[23:54:10] [INBOUND] Initial +2 stalkers, +2 mutants (remaining S=463 M=310)
[23:54:11] [INBOUND] Initial +2 stalkers, +1 mutants (remaining S=461 M=309)
[23:54:11] [RANK] Serhiy Ivanov 'Shadow' → Trainee
[23:54:12] [INBOUND] Initial +2 stalkers, +2 mutants (remaining S=459 M=307)
[23:54:14] [INBOUND] Initial +2 stalkers, +1 mutants (remaining S=457 M=306)
[23:54:15] [INBOUND] Initial +2 stalkers, +1 mutants (remaining S=455 M=305)
[23:54:16] [INBOUND] Initial +2 stalkers, +2 mutants (remaining S=453 M=303)
[23:54:18] [INBOUND] Initial +2 stalkers, +1 mutants (remaining S=451 M=302)
[23:54:19] [INBOUND] Initial +2 stalkers, +1 mutants (remaining S=449 M=301)
[23:54:20] [INBOUND] Initial +2 stalkers, +2 mutants (remaining S=447 M=299)
[23:54:21] [INBOUND] Initial +2 stalkers, +1 mutants (remaining S=445 M=298)
[23:54:22] [RANK] Mykola Sokolov 'Razor' → Trainee
[23:54:23] [INBOUND] Initial +3 stalkers, +2 mutants (remaining S=442 M=296)
[23:54:24] [INBOUND] Initial +2 stalkers, +1 mutants (remaining S=440 M=295)
[23:54:25] [INBOUND] Initial +2 stalkers, +1 mutants (remaining S=438 M=294)
[23:54:27] [INBOUND] Initial +2 stalkers, +2 mutants (remaining S=436 M=292)
[23:54:27] [SNAPSHOT] real=10.2min game=D0 00:25 alive S=175 M=209 corpses=1465 emission=Dormant nextIn=39gmin desperate=0 hungry=0 interval deaths=64 combats=98 trickleSpawns=0 ranks=[Rookie:169,Trainee:6] goals=[Idle:88,Patrol::12] leaders: Yuriy[Rookie/Patrol:], Dmytro[Rookie/Idle], Vasyl[Rookie/Idle], Giorgi[Rookie/Idle], Alexei[Rookie/Idle]
[23:54:28] [INBOUND] Initial +2 stalkers, +1 mutants (remaining S=434 M=291)
[23:54:29] [INBOUND] Initial +2 stalkers, +2 mutants (remaining S=432 M=289)
[23:54:31] [INBOUND] Initial +2 stalkers, +1 mutants (remaining S=430 M=288)
[23:54:32] [INBOUND] Initial +2 stalkers, +1 mutants (remaining S=428 M=287)
[23:54:33] [INBOUND] Initial +2 stalkers, +2 mutants (remaining S=426 M=285)
[23:54:34] [INBOUND] Initial +2 stalkers, +1 mutants (remaining S=424 M=284)
[23:54:36] [INBOUND] Initial +2 stalkers, +2 mutants (remaining S=422 M=282)
[23:54:37] [INBOUND] Initial +2 stalkers, +1 mutants (remaining S=420 M=281)
[23:54:38] [INBOUND] Initial +2 stalkers, +1 mutants (remaining S=418 M=280)
[23:54:40] [INBOUND] Initial +3 stalkers, +2 mutants (remaining S=415 M=278)
[23:54:41] [INBOUND] Initial +2 stalkers, +1 mutants (remaining S=413 M=277)
[23:54:42] [INBOUND] Initial +2 stalkers, +1 mutants (remaining S=411 M=276)
[23:54:44] [INBOUND] Initial +2 stalkers, +2 mutants (remaining S=409 M=274)
[23:54:45] [INBOUND] Initial +2 stalkers, +1 mutants (remaining S=407 M=273)
[23:54:46] [INBOUND] Initial +2 stalkers, +2 mutants (remaining S=405 M=271)
[23:54:47] [RANK] Sergei Petrov 'Wolf' → Trainee
[23:54:47] [INBOUND] Initial +2 stalkers, +1 mutants (remaining S=403 M=270)
[23:54:49] [INBOUND] Initial +2 stalkers, +1 mutants (remaining S=401 M=269)
[23:54:50] [INBOUND] Initial +2 stalkers, +2 mutants (remaining S=399 M=267)
[23:54:51] [INBOUND] Initial +2 stalkers, +1 mutants (remaining S=397 M=266)
[23:54:53] [INBOUND] Initial +2 stalkers, +2 mutants (remaining S=395 M=264)
[23:54:54] [INBOUND] Initial +2 stalkers, +1 mutants (remaining S=393 M=263)
[23:54:55] [INBOUND] Initial +2 stalkers, +1 mutants (remaining S=391 M=262)
[23:54:57] [INBOUND] Initial +2 stalkers, +2 mutants (remaining S=389 M=260)
[23:54:58] [INBOUND] Initial +3 stalkers, +1 mutants (remaining S=386 M=259)
[23:54:58] [SNAPSHOT] real=10.7min game=D0 00:26 alive S=178 M=216 corpses=1538 emission=Dormant nextIn=38gmin desperate=0 hungry=0 interval deaths=47 combats=73 trickleSpawns=0 ranks=[Rookie:172,Trainee:6] goals=[Idle:99,Patrol::7] leaders: Yuriy[Rookie/Idle], Dmytro[Rookie/Idle], Giorgi[Rookie/Idle], Igor[Rookie/Idle], Nikolai[Rookie/Patrol:]
[23:54:59] [INBOUND] Initial +2 stalkers, +2 mutants (remaining S=384 M=257)
[23:55:00] [INBOUND] Initial +2 stalkers, +1 mutants (remaining S=382 M=256)
[23:55:02] [INBOUND] Initial +2 stalkers, +1 mutants (remaining S=380 M=255)
[23:55:03] [INBOUND] Initial +2 stalkers, +2 mutants (remaining S=378 M=253)
[23:55:04] [INBOUND] Initial +2 stalkers, +1 mutants (remaining S=376 M=252)
[23:55:06] [INBOUND] Initial +2 stalkers, +1 mutants (remaining S=374 M=251)
[23:55:07] [INBOUND] Initial +2 stalkers, +2 mutants (remaining S=372 M=249)
[23:55:08] [INBOUND] Initial +2 stalkers, +1 mutants (remaining S=370 M=248)
[23:55:10] [INBOUND] Initial +2 stalkers, +2 mutants (remaining S=368 M=246)
[23:55:10] [RANK] Bohdan Kovalenko 'Ghost' → Experienced
[23:55:11] [INBOUND] Initial +2 stalkers, +1 mutants (remaining S=366 M=245)
[23:55:12] [INBOUND] Initial +2 stalkers, +1 mutants (remaining S=364 M=244)
[23:55:13] [INBOUND] Initial +2 stalkers, +2 mutants (remaining S=362 M=242)
[23:55:15] [INBOUND] Initial +3 stalkers, +1 mutants (remaining S=359 M=241)
[23:55:16] [INBOUND] Initial +2 stalkers, +2 mutants (remaining S=357 M=239)
[23:55:17] [INBOUND] Initial +2 stalkers, +1 mutants (remaining S=355 M=238)
[23:55:19] [INBOUND] Initial +2 stalkers, +1 mutants (remaining S=353 M=237)
[23:55:20] [INBOUND] Initial +2 stalkers, +2 mutants (remaining S=351 M=235)
[23:55:21] [INBOUND] Initial +2 stalkers, +1 mutants (remaining S=349 M=234)
[23:55:23] [INBOUND] Initial +2 stalkers, +2 mutants (remaining S=347 M=232)
[23:55:24] [INBOUND] Initial +2 stalkers, +1 mutants (remaining S=345 M=231)
[23:55:25] [INBOUND] Initial +2 stalkers, +1 mutants (remaining S=343 M=230)
[23:55:26] [INBOUND] Initial +2 stalkers, +2 mutants (remaining S=341 M=228)
[23:55:28] [INBOUND] Initial +2 stalkers, +1 mutants (remaining S=339 M=227)
[23:55:28] [RANK] Timur Melnyk 'Bullet' → Trainee
[23:55:29] [INBOUND] Initial +2 stalkers, +1 mutants (remaining S=337 M=226)
[23:55:29] [SNAPSHOT] real=11.3min game=D0 00:27 alive S=189 M=219 corpses=1606 emission=Dormant nextIn=37gmin desperate=0 hungry=0 interval deaths=38 combats=68 trickleSpawns=0 ranks=[Rookie:184,Trainee:4,Experienced:1] goals=[Idle:102,Patrol::8] leaders: Yuriy[Rookie/Idle], Igor[Rookie/Idle], Nikolai[Rookie/Patrol:], Nikolai[Rookie/Idle], Nikolai[Rookie/Idle]
[23:55:30] [INBOUND] Initial +2 stalkers, +2 mutants (remaining S=335 M=224)
[23:55:32] [INBOUND] Initial +3 stalkers, +1 mutants (remaining S=332 M=223)
[23:55:33] [INBOUND] Initial +2 stalkers, +2 mutants (remaining S=330 M=221)
[23:55:34] [INBOUND] Initial +2 stalkers, +1 mutants (remaining S=328 M=220)
[23:55:34] [RANK] Mikhail Petrenko 'Jackal' → Trainee
[23:55:36] [INBOUND] Initial +2 stalkers, +1 mutants (remaining S=326 M=219)
[23:55:37] [INBOUND] Initial +2 stalkers, +2 mutants (remaining S=324 M=217)
[23:55:38] [INBOUND] Initial +2 stalkers, +1 mutants (remaining S=322 M=216)
[23:55:39] [INBOUND] Initial +2 stalkers, +2 mutants (remaining S=320 M=214)
[23:55:41] [INBOUND] Initial +2 stalkers, +1 mutants (remaining S=318 M=213)
[23:55:42] [INBOUND] Initial +2 stalkers, +1 mutants (remaining S=316 M=212)
[23:55:43] [INBOUND] Initial +2 stalkers, +2 mutants (remaining S=314 M=210)
[23:55:45] [INBOUND] Initial +2 stalkers, +1 mutants (remaining S=312 M=209)
[23:55:46] [INBOUND] Initial +2 stalkers, +2 mutants (remaining S=310 M=207)
[23:55:47] [INBOUND] Initial +2 stalkers, +1 mutants (remaining S=308 M=206)
[23:55:49] [INBOUND] Initial +2 stalkers, +1 mutants (remaining S=306 M=205)
[23:55:50] [INBOUND] Initial +3 stalkers, +2 mutants (remaining S=303 M=203)
[23:55:51] [INBOUND] Initial +2 stalkers, +1 mutants (remaining S=301 M=202)
[23:55:52] [INBOUND] Initial +2 stalkers, +1 mutants (remaining S=299 M=201)
[23:55:54] [INBOUND] Initial +2 stalkers, +2 mutants (remaining S=297 M=199)
[23:55:55] [INBOUND] Initial +2 stalkers, +1 mutants (remaining S=295 M=198)
[23:55:56] [RANK] Timur Melnyk 'Bullet' → Experienced
[23:55:56] [INBOUND] Initial +2 stalkers, +2 mutants (remaining S=293 M=196)
[23:55:58] [INBOUND] Initial +2 stalkers, +1 mutants (remaining S=291 M=195)
[23:55:59] [INBOUND] Initial +2 stalkers, +1 mutants (remaining S=289 M=194)
[23:56:00] [INBOUND] Initial +2 stalkers, +2 mutants (remaining S=287 M=192)
[23:56:00] [SNAPSHOT] real=11.8min game=D0 00:29 alive S=183 M=226 corpses=1689 emission=Dormant nextIn=36gmin desperate=0 hungry=0 interval deaths=56 combats=83 trickleSpawns=0 ranks=[Rookie:178,Trainee:3,Experienced:2] goals=[Idle:94,Patrol::10] leaders: Sergei[Rookie/Idle], Yuriy[Rookie/Idle], Bohdan[Rookie/Idle], Yuriy[Rookie/Idle], Nikolai[Rookie/Idle]
[23:56:02] [INBOUND] Initial +2 stalkers, +1 mutants (remaining S=285 M=191)
[23:56:03] [INBOUND] Initial +2 stalkers, +2 mutants (remaining S=283 M=189)
[23:56:04] [INBOUND] Initial +2 stalkers, +1 mutants (remaining S=281 M=188)
[23:56:05] [INBOUND] Initial +2 stalkers, +1 mutants (remaining S=279 M=187)
[23:56:07] [INBOUND] Initial +3 stalkers, +2 mutants (remaining S=276 M=185)
[23:56:08] [INBOUND] Initial +2 stalkers, +1 mutants (remaining S=274 M=184)
[23:56:09] [INBOUND] Initial +2 stalkers, +2 mutants (remaining S=272 M=182)
[23:56:11] [INBOUND] Initial +2 stalkers, +1 mutants (remaining S=270 M=181)
[23:56:12] [INBOUND] Initial +2 stalkers, +1 mutants (remaining S=268 M=180)
[23:56:12] [RANK] Ivan Shevchenko 'Fox' → Experienced
[23:56:13] [INBOUND] Initial +268 stalkers, +180 mutants (remaining S=268 M=180)
[23:56:20] [SPAWN] Trickle +1 stalkers, +0 mutants
[23:56:25] [RANK] Andriy Shevchenko 'Mole' → Trainee
[23:56:30] [SNAPSHOT] real=12.3min game=D0 00:30 alive S=410 M=393 corpses=1775 emission=Dormant nextIn=34gmin desperate=0 hungry=0 interval deaths=61 combats=86 trickleSpawns=1 ranks=[Rookie:405,Trainee:3,Experienced:2] goals=[Idle:165,Patrol::15] leaders: Sergei[Rookie/Idle], Nikolai[Rookie/Idle], Nikolai[Rookie/Idle], Ivan[Rookie/Idle], Mykola[Rookie/Idle]
[23:56:33] [RANK] Ivan Sokolov 'Mole' → Trainee
[23:56:37] [RANK] Nikolai Melnyk 'Fox' → Trainee
[23:56:39] [SPAWN] Trickle +0 stalkers, +1 mutants
