[00:41:46] [INIT] Debug logging enabled → logs/sim_20260813_004146.log
[00:41:46] [INIT] Snapshot interval=30s
[00:41:46] [INIT] Initial population: 6 stalkers, 0 mutants (not counted as trickle spawns)
[00:41:46] [TASK] Lukash → ShareDrink (goal=Patrol)
[00:41:46] [TASK] Professor → ShareDrink (goal=Patrol)
[00:41:46] [TASK] Barkeep → ShareDrink (goal=Patrol)
[00:41:46] [TASK] Cold → ShareDrink (goal=Patrol)
[00:41:46] [TASK] Sidorovich → ShareDrink (goal=Patrol)
[00:41:46] [TASK] Beard → ShareDrink (goal=Patrol)
[00:41:47] [INBOUND] Initial +2 stalkers, +1 mutants (remaining S=1492 M=999)
[00:41:47] [TASK] Oleg → TradeRun (goal=Patrol)
[00:41:47] [GOAL] Oleg achieved Patrol
[00:41:48] [TASK] Oleg → ShareDrink (goal=Patrol)
[00:41:48] [INBOUND] Initial +2 stalkers, +1 mutants (remaining S=1490 M=998)
[00:41:49] [TASK] Cold → RestAtBase (goal=Patrol)
[00:41:49] [GOAL] Cold achieved Patrol
[00:41:49] [TASK] Cold → ShareDrink (goal=Patrol)
[00:41:49] [INBOUND] Initial +2 stalkers, +2 mutants (remaining S=1488 M=996)
[00:41:50] [TASK] Beard → RestAtBase (goal=Patrol)
[00:41:50] [GOAL] Beard achieved Patrol
[00:41:50] [TASK] Beard → ShareDrink (goal=Patrol)
[00:41:50] [INBOUND] Initial +2 stalkers, +1 mutants (remaining S=1486 M=995)
[00:41:51] [TASK] Serhiy → PatrolWilds [dead_city] (goal=Patrol)
[00:41:51] [GOAL] Serhiy achieved Patrol
[00:41:51] [TASK] Connor → PatrolWilds [duga] (goal=Patrol)
[00:41:51] [GOAL] Connor achieved Patrol
[00:41:52] [INBOUND] Initial +2 stalkers, +1 mutants (remaining S=1484 M=994)
[00:41:53] [TASK] Dmytro → ShareDrink (goal=Patrol)
[00:41:53] [TASK] Barkeep → RestAtBase (goal=Patrol)
[00:41:53] [GOAL] Barkeep achieved Patrol
[00:41:53] [INBOUND] Initial +2 stalkers, +2 mutants (remaining S=1482 M=992)
[00:41:54] [TASK] Sidorovich → RestAtBase (goal=Patrol)
[00:41:54] [GOAL] Sidorovich achieved Patrol
[00:41:54] [TASK] Barkeep → ShareDrink (goal=Patrol)
[00:41:54] [TASK] Professor → RestAtBase (goal=Patrol)
[00:41:54] [GOAL] Professor achieved Patrol
[00:41:54] [TASK] Sidorovich → ShareDrink (goal=Patrol)
[00:41:54] [TASK] Professor → ShareDrink (goal=Patrol)
[00:41:54] [INBOUND] Initial +2 stalkers, +1 mutants (remaining S=1480 M=991)
[00:41:55] [TASK] Lukash → RestAtBase (goal=Patrol)
[00:41:55] [GOAL] Lukash achieved Patrol
[00:41:55] [TASK] Lukash → ShareDrink (goal=Patrol)
[00:41:55] [TASK] Oleg → RestAtBase (goal=Patrol)
[00:41:55] [GOAL] Oleg achieved Patrol
[00:41:56] [INBOUND] Initial +2 stalkers, +2 mutants (remaining S=1478 M=989)
[00:41:56] [TASK] Cold → RestAtBase (goal=Patrol)
[00:41:56] [GOAL] Cold achieved Patrol
[00:41:56] [TASK] Cold → ShareDrink (goal=Patrol)
[00:41:56] [TASK] Oleg → ShareDrink (goal=Patrol)
[00:41:57] [INBOUND] Initial +2 stalkers, +1 mutants (remaining S=1476 M=988)
[00:41:58] [TASK] Professor → RestAtBase (goal=Patrol)
[00:41:58] [GOAL] Professor achieved Patrol
[00:41:58] [TASK] Barkeep → RestAtBase (goal=Patrol)
[00:41:58] [GOAL] Barkeep achieved Patrol
[00:41:58] [TASK] Professor → ShareDrink (goal=Patrol)
[00:41:58] [TASK] Barkeep → ShareDrink (goal=Patrol)
[00:41:58] [TASK] Lukash → RestAtBase (goal=Patrol)
[00:41:58] [GOAL] Lukash achieved Patrol
[00:41:59] [INBOUND] Initial +2 stalkers, +1 mutants (remaining S=1474 M=987)
[00:41:59] [TASK] Lukash → ShareDrink (goal=Patrol)
[00:42:00] [INBOUND] Initial +2 stalkers, +2 mutants (remaining S=1472 M=985)
[00:42:00] [TASK] Sidorovich → RestAtBase (goal=Patrol)
[00:42:00] [GOAL] Sidorovich achieved Patrol
[00:42:00] [TASK] Dmytro → RestAtBase (goal=Patrol)
[00:42:00] [GOAL] Dmytro achieved Patrol
[00:42:01] [TASK] Dmytro → ShareDrink (goal=Patrol)
[00:42:01] [TASK] Sidorovich → ShareDrink (goal=Patrol)
[00:42:01] [INBOUND] Initial +2 stalkers, +1 mutants (remaining S=1470 M=984)
[00:42:01] [TASK] Oleg → ShareDrink (goal=Patrol)
[00:42:02] [TASK] Professor → RestAtBase (goal=Patrol)
[00:42:02] [GOAL] Professor achieved Patrol
[00:42:02] [TASK] Professor → ShareDrink (goal=Patrol)
[00:42:02] [INBOUND] Initial +2 stalkers, +2 mutants (remaining S=1468 M=982)
[00:42:03] [TASK] Barkeep → RestAtBase (goal=Patrol)
[00:42:03] [GOAL] Barkeep achieved Patrol
[00:42:03] [TASK] Barkeep → ShareDrink (goal=Patrol)
[00:42:03] [TASK] Oleg → RestAtBase (goal=Patrol)
[00:42:03] [GOAL] Oleg achieved Patrol
[00:42:03] [INBOUND] Initial +3 stalkers, +1 mutants (remaining S=1465 M=981)
[00:42:04] [TASK] Oleg → ShareDrink (goal=Patrol)
[00:42:04] [TASK] Lukash → RestAtBase (goal=Patrol)
[00:42:04] [GOAL] Lukash achieved Patrol
[00:42:04] [TASK] Oleg → RestAtBase (goal=Patrol)
[00:42:04] [GOAL] Oleg achieved Patrol
[00:42:05] [TASK] Oleg → ShareDrink (goal=Patrol)
[00:42:05] [TASK] Lukash → ShareDrink (goal=Patrol)
[00:42:05] [INBOUND] Initial +2 stalkers, +1 mutants (remaining S=1463 M=980)
[00:42:06] [TASK] Cold → RestAtBase (goal=Patrol)
[00:42:06] [GOAL] Cold achieved Patrol
[00:42:06] [TASK] Professor → RestAtBase (goal=Patrol)
[00:42:06] [GOAL] Professor achieved Patrol
[00:42:06] [TASK] Cold → ShareDrink (goal=Patrol)
[00:42:06] [TASK] Professor → ShareDrink (goal=Patrol)
[00:42:06] [INBOUND] Initial +2 stalkers, +2 mutants (remaining S=1461 M=978)
[00:42:07] [TASK] Nikolai → ShareDrink (goal=Patrol)
[00:42:08] [INBOUND] Initial +2 stalkers, +1 mutants (remaining S=1459 M=977)
[00:42:08] [TASK] Sidorovich → RestAtBase (goal=Patrol)
[00:42:08] [GOAL] Sidorovich achieved Patrol
[00:42:08] [TASK] Sidorovich → ShareDrink (goal=Patrol)
[00:42:08] [TASK] Oleg → RestAtBase (goal=Patrol)
[00:42:08] [GOAL] Oleg achieved Patrol
[00:42:09] [TASK] Dmytro → RestAtBase (goal=Patrol)
[00:42:09] [GOAL] Dmytro achieved Patrol
[00:42:09] [TASK] Dmytro → ShareDrink (goal=Patrol)
[00:42:09] [TASK] Oleg → ShareDrink (goal=Patrol)
[00:42:09] [TASK] Cold → RestAtBase (goal=Patrol)
[00:42:09] [GOAL] Cold achieved Patrol
[00:42:09] [INBOUND] Initial +2 stalkers, +1 mutants (remaining S=1457 M=976)
[00:42:10] [TASK] Connor → PatrolWilds [wild_territory] (goal=Patrol)
[00:42:10] [GOAL] Connor achieved Patrol
[00:42:10] [TASK] Cold → ShareDrink (goal=Patrol)
[00:42:10] [TASK] Nikolai → RestAtBase (goal=Patrol)
[00:42:10] [GOAL] Nikolai achieved Patrol
[00:42:11] [TASK] Nikolai → ShareDrink (goal=Patrol)
[00:42:11] [INBOUND] Initial +2 stalkers, +2 mutants (remaining S=1455 M=974)
[00:42:11] [TASK] Professor → RestAtBase (goal=Patrol)
[00:42:11] [GOAL] Professor achieved Patrol
[00:42:12] [TASK] Professor → ShareDrink (goal=Patrol)
[00:42:12] [INBOUND] Initial +2 stalkers, +1 mutants (remaining S=1453 M=973)
[00:42:13] [TASK] Sidorovich → RestAtBase (goal=Patrol)
[00:42:13] [GOAL] Sidorovich achieved Patrol
[00:42:13] [TASK] Yuriy → ShareDrink (goal=Patrol)
[00:42:13] [TASK] Barkeep → RestAtBase (goal=Patrol)
[00:42:13] [GOAL] Barkeep achieved Patrol
[00:42:13] [TASK] Barkeep → ShareDrink (goal=Patrol)
[00:42:13] [TASK] Cold → RestAtBase (goal=Patrol)
[00:42:13] [GOAL] Cold achieved Patrol
[00:42:13] [TASK] Sidorovich → ShareDrink (goal=Patrol)
[00:42:13] [TASK] Cold → ShareDrink (goal=Patrol)
[00:42:14] [INBOUND] Initial +2 stalkers, +2 mutants (remaining S=1451 M=971)
[00:42:14] [TASK] Oleg → RestAtBase (goal=Patrol)
[00:42:14] [GOAL] Oleg achieved Patrol
[00:42:14] [TASK] Dmytro → RestAtBase (goal=Patrol)
[00:42:14] [GOAL] Dmytro achieved Patrol
[00:42:15] [TASK] Dmytro → ShareDrink (goal=Patrol)
[00:42:15] [TASK] Oleg → ShareDrink (goal=Patrol)
[00:42:15] [TASK] Lukash → RestAtBase (goal=Patrol)
[00:42:15] [GOAL] Lukash achieved Patrol
[00:42:15] [TASK] Lukash → ShareDrink (goal=Patrol)
[00:42:15] [INBOUND] Initial +2 stalkers, +1 mutants (remaining S=1449 M=970)
[00:42:16] [TASK] Barkeep → RestAtBase (goal=Patrol)
[00:42:16] [GOAL] Barkeep achieved Patrol
[00:42:17] [INBOUND] Initial +2 stalkers, +1 mutants (remaining S=1447 M=969)
[00:42:17] [SNAPSHOT] real=0.5min game=D0 00:23 alive S=50 M=31 corpses=82 emission=Dormant nextIn=91gmin desperate=0 hungry=0 interval deaths=3 combats=3 tasks=80 trickleSpawns=0 ranks=[Rookie:50] goals=[Patrol::23] leaders: Andriy[Rookie/Patrol:], Nodar[Rookie/Patrol:], Andriy[Rookie/Patrol:], Yuriy[Rookie/Patrol:], Alexei[Rookie/Patrol:]
[00:42:17] [TASK] Barkeep → ShareDrink (goal=Patrol)
[00:42:17] [TASK] Andriy → ShareDrink (goal=Patrol)
[00:42:17] [TASK] Nikolai → RestAtBase (goal=Patrol)
[00:42:17] [GOAL] Nikolai achieved Patrol
[00:42:17] [TASK] Nikolai → ShareDrink (goal=Patrol)
[00:42:18] [INBOUND] Initial +2 stalkers, +2 mutants (remaining S=1445 M=967)
[00:42:19] [TASK] Nodar → ShareDrink (goal=Patrol)
[00:42:20] [TASK] Professor → RestAtBase (goal=Patrol)
[00:42:20] [GOAL] Professor achieved Patrol
[00:42:20] [TASK] Cold → RestAtBase (goal=Patrol)
[00:42:20] [GOAL] Cold achieved Patrol
[00:42:20] [INBOUND] Initial +2 stalkers, +1 mutants (remaining S=1443 M=966)
[00:42:20] [TASK] Professor → ShareDrink (goal=Patrol)
[00:42:20] [TASK] Alexei → PatrolWilds [sarcophagus] (goal=Patrol)
[00:42:20] [GOAL] Alexei achieved Patrol
[00:42:21] [TASK] Cold → ShareDrink (goal=Patrol)
[00:42:21] [TASK] Yuriy → RestAtBase (goal=Patrol)
[00:42:21] [GOAL] Yuriy achieved Patrol
[00:42:21] [TASK] Yuriy → ShareDrink (goal=Patrol)
[00:42:21] [TASK] Lukash → RestAtBase (goal=Patrol)
[00:42:21] [GOAL] Lukash achieved Patrol
[00:42:21] [TASK] Nikolai → RestAtBase (goal=Patrol)
[00:42:21] [GOAL] Nikolai achieved Patrol
[00:42:21] [INBOUND] Initial +2 stalkers, +2 mutants (remaining S=1441 M=964)
[00:42:22] [TASK] Andriy → RestAtBase (goal=Patrol)
[00:42:22] [GOAL] Andriy achieved Patrol
[00:42:22] [TASK] Nikolai → ShareDrink (goal=Patrol)
[00:42:22] [TASK] Dmytro → RestAtBase (goal=Patrol)
[00:42:22] [GOAL] Dmytro achieved Patrol
[00:42:22] [TASK] Lukash → ShareDrink (goal=Patrol)
[00:42:22] [TASK] Dmytro → ShareDrink (goal=Patrol)
[00:42:22] [TASK] Andriy → ShareDrink (goal=Patrol)
[00:42:23] [INBOUND] Initial +3 stalkers, +1 mutants (remaining S=1438 M=963)
[00:42:23] [TASK] Sidorovich → RestAtBase (goal=Patrol)
[00:42:23] [GOAL] Sidorovich achieved Patrol
[00:42:23] [TASK] Connor → ShareDrink (goal=Patrol)
[00:42:24] [TASK] Oleg → RestAtBase (goal=Patrol)
[00:42:24] [GOAL] Oleg achieved Patrol
[00:42:24] [TASK] Sidorovich → ShareDrink (goal=Patrol)
[00:42:24] [TASK] Barkeep → RestAtBase (goal=Patrol)
[00:42:24] [GOAL] Barkeep achieved Patrol
[00:42:24] [TASK] Oleg → ShareDrink (goal=Patrol)
[00:42:24] [TASK] Barkeep → ShareDrink (goal=Patrol)
[00:42:24] [INBOUND] Initial +2 stalkers, +1 mutants (remaining S=1436 M=962)
[00:42:25] [TASK] Nodar → RestAtBase (goal=Patrol)
[00:42:25] [GOAL] Nodar achieved Patrol
[00:42:25] [TASK] Nodar → ShareDrink (goal=Patrol)
[00:42:26] [INBOUND] Initial +2 stalkers, +2 mutants (remaining S=1434 M=960)
[00:42:26] [TASK] Yuriy → RestAtBase (goal=Patrol)
[00:42:26] [GOAL] Yuriy achieved Patrol
[00:42:27] [TASK] Yuriy → ShareDrink (goal=Patrol)
[00:42:28] [INBOUND] Initial +2 stalkers, +1 mutants (remaining S=1432 M=959)
[00:42:28] [TASK] Taras → PatrolWilds [sarcophagus] (goal=Patrol)
[00:42:28] [GOAL] Taras achieved Patrol
[00:42:29] [TASK] Nikolai → RestAtBase (goal=Patrol)
[00:42:29] [GOAL] Nikolai achieved Patrol
[00:42:29] [INBOUND] Initial +2 stalkers, +2 mutants (remaining S=1430 M=957)
[00:42:30] [TASK] Professor → RestAtBase (goal=Patrol)
[00:42:30] [GOAL] Professor achieved Patrol
[00:42:30] [TASK] Professor → ShareDrink (goal=Patrol)
[00:42:31] [TASK] Nikolai → ShareDrink (goal=Patrol)
[00:42:31] [TASK] Cold → RestAtBase (goal=Patrol)
[00:42:31] [GOAL] Cold achieved Patrol
[00:42:31] [TASK] Andriy → RestAtBase (goal=Patrol)
[00:42:31] [GOAL] Andriy achieved Patrol
[00:42:31] [TASK] Dmytro → RestAtBase (goal=Patrol)
[00:42:31] [GOAL] Dmytro achieved Patrol
[00:42:31] [TASK] Lukash → RestAtBase (goal=Patrol)
[00:42:31] [GOAL] Lukash achieved Patrol
[00:42:31] [TASK] Andriy → ShareDrink (goal=Patrol)
[00:42:31] [TASK] Dmytro → ShareDrink (goal=Patrol)
[00:42:31] [INBOUND] Initial +2 stalkers, +1 mutants (remaining S=1428 M=956)
[00:42:32] [TASK] Lukash → ShareDrink (goal=Patrol)
[00:42:32] [TASK] Cold → ShareDrink (goal=Patrol)
[00:42:32] [TASK] Dmitri → TradeRun (goal=Patrol)
[00:42:32] [GOAL] Dmitri achieved Patrol
[00:42:32] [TASK] Sidorovich → RestAtBase (goal=Patrol)
[00:42:32] [GOAL] Sidorovich achieved Patrol
[00:42:32] [TASK] Sidorovich → ShareDrink (goal=Patrol)
[00:42:32] [TASK] Dmitri → ShareDrink (goal=Patrol)
[00:42:33] [TASK] Barkeep → RestAtBase (goal=Patrol)
[00:42:33] [GOAL] Barkeep achieved Patrol
[00:42:33] [INBOUND] Initial +2 stalkers, +1 mutants (remaining S=1426 M=955)
[00:42:34] [TASK] Nikolai → PatrolWilds [yantar] (goal=Patrol)
[00:42:34] [GOAL] Nikolai achieved Patrol
[00:42:34] [TASK] Yuriy → RestAtBase (goal=Patrol)
[00:42:34] [GOAL] Yuriy achieved Patrol
[00:42:34] [TASK] Oleg → RestAtBase (goal=Patrol)
[00:42:34] [GOAL] Oleg achieved Patrol
[00:42:34] [TASK] Yuriy → ShareDrink (goal=Patrol)
[00:42:35] [TASK] Oleg → ShareDrink (goal=Patrol)
[00:42:35] [TASK] Barkeep → ShareDrink (goal=Patrol)
[00:42:35] [INBOUND] Initial +2 stalkers, +2 mutants (remaining S=1424 M=953)
[00:42:37] [TASK] Serhiy → PatrolWilds [radar] (goal=Patrol)
[00:42:37] [GOAL] Serhiy achieved Patrol
[00:42:37] [TASK] Nikolai → PatrolWilds [yantar] (goal=Patrol)
[00:42:37] [GOAL] Nikolai achieved Patrol
[00:42:38] [TASK] Nodar → RestAtBase (goal=Patrol)
[00:42:38] [GOAL] Nodar achieved Patrol
[00:42:38] [INBOUND] Initial +2 stalkers, +1 mutants (remaining S=1422 M=952)
