[23:40:10] [INIT] Debug logging enabled → logs/sim_20260812_234010.log
[23:40:10] [INIT] Snapshot interval=30s
[23:40:10] [INIT] Initial population: 6 stalkers, 0 mutants (not counted as trickle spawns)
[23:40:11] [INBOUND] Initial +2 stalkers, +1 mutants (remaining S=1492 M=999)
[23:40:12] [INBOUND] Initial +2 stalkers, +1 mutants (remaining S=1490 M=998)
[23:40:13] [INBOUND] Initial +2 stalkers, +2 mutants (remaining S=1488 M=996)
[23:40:14] [INBOUND] Initial +2 stalkers, +1 mutants (remaining S=1486 M=995)
[23:40:15] [INBOUND] Initial +2 stalkers, +1 mutants (remaining S=1484 M=994)
[23:40:16] [INBOUND] Initial +2 stalkers, +2 mutants (remaining S=1482 M=992)
[23:40:17] [INBOUND] Initial +2 stalkers, +1 mutants (remaining S=1480 M=991)
[23:40:18] [INBOUND] Initial +2 stalkers, +2 mutants (remaining S=1478 M=989)
[23:40:19] [INBOUND] Initial +2 stalkers, +1 mutants (remaining S=1476 M=988)
[23:40:20] [INBOUND] Initial +2 stalkers, +1 mutants (remaining S=1474 M=987)
[23:40:21] [INBOUND] Initial +2 stalkers, +2 mutants (remaining S=1472 M=985)
[23:40:22] [INBOUND] Initial +2 stalkers, +1 mutants (remaining S=1470 M=984)
[23:40:23] [INBOUND] Initial +2 stalkers, +2 mutants (remaining S=1468 M=982)
[23:40:24] [INBOUND] Initial +3 stalkers, +1 mutants (remaining S=1465 M=981)
[23:40:25] [INBOUND] Initial +2 stalkers, +1 mutants (remaining S=1463 M=980)
[23:40:26] [INBOUND] Initial +2 stalkers, +2 mutants (remaining S=1461 M=978)
[23:40:27] [INBOUND] Initial +2 stalkers, +1 mutants (remaining S=1459 M=977)
[23:40:28] [INBOUND] Initial +2 stalkers, +1 mutants (remaining S=1457 M=976)
[23:40:29] [INBOUND] Initial +2 stalkers, +2 mutants (remaining S=1455 M=974)
[23:40:30] [INBOUND] Initial +2 stalkers, +1 mutants (remaining S=1453 M=973)
[23:40:32] [INBOUND] Initial +2 stalkers, +2 mutants (remaining S=1451 M=971)
[23:40:33] [INBOUND] Initial +2 stalkers, +1 mutants (remaining S=1449 M=970)
[23:40:34] [INBOUND] Initial +2 stalkers, +1 mutants (remaining S=1447 M=969)
[23:40:35] [INBOUND] Initial +2 stalkers, +2 mutants (remaining S=1445 M=967)
[23:40:36] [INBOUND] Initial +2 stalkers, +1 mutants (remaining S=1443 M=966)
[23:40:37] [INBOUND] Initial +2 stalkers, +2 mutants (remaining S=1441 M=964)
[23:40:38] [INBOUND] Initial +3 stalkers, +1 mutants (remaining S=1438 M=963)
[23:40:39] [INBOUND] Initial +2 stalkers, +1 mutants (remaining S=1436 M=962)
[23:40:40] [INBOUND] Initial +2 stalkers, +2 mutants (remaining S=1434 M=960)
[23:40:40] [SNAPSHOT] real=0.5min game=D0 00:01 alive S=64 M=39 corpses=95 emission=Dormant nextIn=117gmin desperate=0 hungry=0 interval deaths=2 combats=3 trickleSpawns=0 ranks=[Rookie:64] goals=[Idle:26,Patrol::7] leaders: Karl[Rookie/Idle], Marcus[Rookie/Idle], Serhiy[Rookie/Idle], Dmitri[Rookie/Idle], Mikhail[Rookie/Patrol:]
[23:40:42] [INBOUND] Initial +2 stalkers, +1 mutants (remaining S=1432 M=959)
[23:40:43] [INBOUND] Initial +2 stalkers, +2 mutants (remaining S=1430 M=957)
[23:40:44] [INBOUND] Initial +2 stalkers, +1 mutants (remaining S=1428 M=956)
[23:40:45] [INBOUND] Initial +2 stalkers, +1 mutants (remaining S=1426 M=955)
[23:40:46] [INBOUND] Initial +2 stalkers, +2 mutants (remaining S=1424 M=953)
[23:40:47] [INBOUND] Initial +2 stalkers, +1 mutants (remaining S=1422 M=952)
[23:40:48] [INBOUND] Initial +2 stalkers, +1 mutants (remaining S=1420 M=951)
[23:40:49] [INBOUND] Initial +2 stalkers, +2 mutants (remaining S=1418 M=949)
[23:40:51] [INBOUND] Initial +2 stalkers, +1 mutants (remaining S=1416 M=948)
[23:40:52] [INBOUND] Initial +2 stalkers, +2 mutants (remaining S=1414 M=946)
[23:40:53] [INBOUND] Initial +3 stalkers, +1 mutants (remaining S=1411 M=945)
[23:40:54] [INBOUND] Initial +2 stalkers, +1 mutants (remaining S=1409 M=944)
[23:40:55] [INBOUND] Initial +2 stalkers, +2 mutants (remaining S=1407 M=942)
[23:40:57] [INBOUND] Initial +2 stalkers, +1 mutants (remaining S=1405 M=941)
[23:40:58] [INBOUND] Initial +2 stalkers, +2 mutants (remaining S=1403 M=939)
[23:40:59] [INBOUND] Initial +2 stalkers, +1 mutants (remaining S=1401 M=938)
[23:41:00] [INBOUND] Initial +2 stalkers, +1 mutants (remaining S=1399 M=937)
[23:41:02] [INBOUND] Initial +2 stalkers, +2 mutants (remaining S=1397 M=935)
[23:41:03] [INBOUND] Initial +2 stalkers, +1 mutants (remaining S=1395 M=934)
[23:41:04] [INBOUND] Initial +2 stalkers, +2 mutants (remaining S=1393 M=932)
[23:41:05] [INBOUND] Initial +2 stalkers, +1 mutants (remaining S=1391 M=931)
[23:41:06] [INBOUND] Initial +2 stalkers, +1 mutants (remaining S=1389 M=930)
[23:41:08] [INBOUND] Initial +2 stalkers, +2 mutants (remaining S=1387 M=928)
[23:41:09] [INBOUND] Initial +2 stalkers, +1 mutants (remaining S=1385 M=927)
[23:41:10] [INBOUND] Initial +3 stalkers, +1 mutants (remaining S=1382 M=926)
[23:41:11] [INBOUND] Initial +2 stalkers, +2 mutants (remaining S=1380 M=924)
[23:41:11] [SNAPSHOT] real=1.0min game=D0 00:02 alive S=93 M=64 corpses=131 emission=Dormant nextIn=116gmin desperate=0 hungry=0 interval deaths=25 combats=36 trickleSpawns=0 ranks=[Rookie:93] goals=[Idle:39,Patrol::11] leaders: Nodar[Rookie/Patrol:], Mykola[Rookie/Idle], Rustam[Rookie/Idle], Damir[Rookie/Idle], Dmytro[Rookie/Idle]
[23:41:12] [INBOUND] Initial +2 stalkers, +1 mutants (remaining S=1378 M=923)
[23:41:14] [INBOUND] Initial +2 stalkers, +2 mutants (remaining S=1376 M=921)
[23:41:15] [INBOUND] Initial +2 stalkers, +1 mutants (remaining S=1374 M=920)
[23:41:16] [INBOUND] Initial +2 stalkers, +1 mutants (remaining S=1372 M=919)
[23:41:17] [INBOUND] Initial +2 stalkers, +2 mutants (remaining S=1370 M=917)
[23:41:19] [INBOUND] Initial +2 stalkers, +1 mutants (remaining S=1368 M=916)
[23:41:20] [INBOUND] Initial +2 stalkers, +2 mutants (remaining S=1366 M=914)
[23:41:21] [INBOUND] Initial +2 stalkers, +1 mutants (remaining S=1364 M=913)
[23:41:22] [INBOUND] Initial +2 stalkers, +1 mutants (remaining S=1362 M=912)
[23:41:23] [INBOUND] Initial +2 stalkers, +2 mutants (remaining S=1360 M=910)
[23:41:25] [INBOUND] Initial +2 stalkers, +1 mutants (remaining S=1358 M=909)
[23:41:26] [INBOUND] Initial +3 stalkers, +2 mutants (remaining S=1355 M=907)
[23:41:27] [INBOUND] Initial +2 stalkers, +1 mutants (remaining S=1353 M=906)
[23:41:28] [INBOUND] Initial +2 stalkers, +1 mutants (remaining S=1351 M=905)
[23:41:30] [INBOUND] Initial +2 stalkers, +2 mutants (remaining S=1349 M=903)
[23:41:31] [INBOUND] Initial +2 stalkers, +1 mutants (remaining S=1347 M=902)
[23:41:32] [INBOUND] Initial +2 stalkers, +1 mutants (remaining S=1345 M=901)
[23:41:34] [INBOUND] Initial +2 stalkers, +2 mutants (remaining S=1343 M=899)
[23:41:36] [INBOUND] Initial +2 stalkers, +1 mutants (remaining S=1341 M=898)
[23:41:37] [INBOUND] Initial +2 stalkers, +2 mutants (remaining S=1339 M=896)
[23:41:38] [INBOUND] Initial +2 stalkers, +1 mutants (remaining S=1337 M=895)
[23:41:40] [INBOUND] Initial +2 stalkers, +1 mutants (remaining S=1335 M=894)
[23:41:41] [INBOUND] Initial +2 stalkers, +2 mutants (remaining S=1333 M=892)
[23:41:42] [INBOUND] Initial +2 stalkers, +1 mutants (remaining S=1331 M=891)
[23:41:42] [SNAPSHOT] real=1.5min game=D0 00:03 alive S=113 M=90 corpses=167 emission=Dormant nextIn=114gmin desperate=0 hungry=0 interval deaths=29 combats=36 trickleSpawns=0 ranks=[Rookie:113] goals=[Idle:49,Patrol::11,Traveling:1] leaders: Oleksiy[Rookie/Idle], Andrei[Rookie/Idle], Rustam[Rookie/Idle], Bohdan[Rookie/Idle], Heinrich[Rookie/Patrol:]
[23:41:44] [INBOUND] Initial +3 stalkers, +2 mutants (remaining S=1328 M=889)
[23:41:45] [INBOUND] Initial +2 stalkers, +1 mutants (remaining S=1326 M=888)
[23:41:46] [INBOUND] Initial +2 stalkers, +1 mutants (remaining S=1324 M=887)
[23:41:48] [INBOUND] Initial +2 stalkers, +2 mutants (remaining S=1322 M=885)
[23:41:49] [INBOUND] Initial +2 stalkers, +1 mutants (remaining S=1320 M=884)
[23:41:50] [INBOUND] Initial +2 stalkers, +2 mutants (remaining S=1318 M=882)
[23:41:52] [INBOUND] Initial +2 stalkers, +1 mutants (remaining S=1316 M=881)
[23:41:53] [INBOUND] Initial +2 stalkers, +1 mutants (remaining S=1314 M=880)
[23:41:54] [INBOUND] Initial +2 stalkers, +2 mutants (remaining S=1312 M=878)
[23:41:55] [INBOUND] Initial +2 stalkers, +1 mutants (remaining S=1310 M=877)
[23:41:57] [INBOUND] Initial +2 stalkers, +1 mutants (remaining S=1308 M=876)
[23:41:58] [INBOUND] Initial +2 stalkers, +2 mutants (remaining S=1306 M=874)
[23:41:59] [INBOUND] Initial +2 stalkers, +1 mutants (remaining S=1304 M=873)
[23:42:01] [INBOUND] Initial +2 stalkers, +2 mutants (remaining S=1302 M=871)
[23:42:02] [INBOUND] Initial +3 stalkers, +1 mutants (remaining S=1299 M=870)
[23:42:03] [INBOUND] Initial +2 stalkers, +1 mutants (remaining S=1297 M=869)
[23:42:05] [INBOUND] Initial +2 stalkers, +2 mutants (remaining S=1295 M=867)
[23:42:06] [INBOUND] Initial +2 stalkers, +1 mutants (remaining S=1293 M=866)
[23:42:08] [INBOUND] Initial +2 stalkers, +2 mutants (remaining S=1291 M=864)
[23:42:09] [INBOUND] Initial +2 stalkers, +1 mutants (remaining S=1289 M=863)
[23:42:10] [INBOUND] Initial +2 stalkers, +1 mutants (remaining S=1287 M=862)
[23:42:12] [INBOUND] Initial +2 stalkers, +2 mutants (remaining S=1285 M=860)
[23:42:13] [INBOUND] Initial +2 stalkers, +1 mutants (remaining S=1283 M=859)
[23:42:13] [SNAPSHOT] real=2.1min game=D0 00:05 alive S=142 M=116 corpses=192 emission=Dormant nextIn=113gmin desperate=0 hungry=0 interval deaths=19 combats=25 trickleSpawns=0 ranks=[Rookie:142] goals=[Idle:64,Patrol::12,Traveling:1] leaders: Serhiy[Rookie/Idle], Bohdan[Rookie/Idle], Lasha[Rookie/Idle], Andrei[Rookie/Idle], Rustam[Rookie/Idle]
[23:42:15] [INBOUND] Initial +2 stalkers, +2 mutants (remaining S=1281 M=857)
[23:42:16] [INBOUND] Initial +2 stalkers, +1 mutants (remaining S=1279 M=856)
[23:42:17] [INBOUND] Initial +2 stalkers, +1 mutants (remaining S=1277 M=855)
[23:42:19] [INBOUND] Initial +2 stalkers, +2 mutants (remaining S=1275 M=853)
[23:42:20] [INBOUND] Initial +3 stalkers, +1 mutants (remaining S=1272 M=852)
[23:42:22] [INBOUND] Initial +2 stalkers, +1 mutants (remaining S=1270 M=851)
[23:42:23] [INBOUND] Initial +2 stalkers, +2 mutants (remaining S=1268 M=849)
[23:42:24] [INBOUND] Initial +2 stalkers, +1 mutants (remaining S=1266 M=848)
[23:42:25] [INBOUND] Initial +2 stalkers, +2 mutants (remaining S=1264 M=846)
[23:42:26] [INBOUND] Initial +2 stalkers, +1 mutants (remaining S=1262 M=845)
[23:42:27] [INBOUND] Initial +2 stalkers, +1 mutants (remaining S=1260 M=844)
[23:42:29] [INBOUND] Initial +2 stalkers, +2 mutants (remaining S=1258 M=842)
[23:42:30] [INBOUND] Initial +2 stalkers, +1 mutants (remaining S=1256 M=841)
[23:42:31] [INBOUND] Initial +2 stalkers, +2 mutants (remaining S=1254 M=839)
[23:42:32] [INBOUND] Initial +2 stalkers, +1 mutants (remaining S=1252 M=838)
[23:42:34] [INBOUND] Initial +2 stalkers, +1 mutants (remaining S=1250 M=837)
[23:42:35] [INBOUND] Initial +2 stalkers, +2 mutants (remaining S=1248 M=835)
[23:42:37] [INBOUND] Initial +3 stalkers, +1 mutants (remaining S=1245 M=834)
[23:42:38] [INBOUND] Initial +2 stalkers, +2 mutants (remaining S=1243 M=832)
[23:42:40] [INBOUND] Initial +2 stalkers, +1 mutants (remaining S=1241 M=831)
[23:42:41] [INBOUND] Initial +2 stalkers, +1 mutants (remaining S=1239 M=830)
[23:42:42] [INBOUND] Initial +2 stalkers, +2 mutants (remaining S=1237 M=828)
[23:42:44] [INBOUND] Initial +2 stalkers, +1 mutants (remaining S=1235 M=827)
[23:42:44] [SNAPSHOT] real=2.6min game=D0 00:06 alive S=151 M=131 corpses=248 emission=Dormant nextIn=112gmin desperate=0 hungry=0 interval deaths=39 combats=56 trickleSpawns=0 ranks=[Rookie:151] goals=[Idle:67,Patrol::13] leaders: Sergei[Rookie/Patrol:], Bohdan[Rookie/Idle], Rustam[Rookie/Idle], Heinrich[Rookie/Patrol:], Andriy[Rookie/Idle]
[23:42:45] [INBOUND] Initial +2 stalkers, +1 mutants (remaining S=1233 M=826)
[23:42:47] [INBOUND] Initial +2 stalkers, +2 mutants (remaining S=1231 M=824)
[23:42:48] [INBOUND] Initial +2 stalkers, +1 mutants (remaining S=1229 M=823)
[23:42:50] [INBOUND] Initial +2 stalkers, +2 mutants (remaining S=1227 M=821)
[23:42:51] [INBOUND] Initial +2 stalkers, +1 mutants (remaining S=1225 M=820)
[23:42:53] [INBOUND] Initial +2 stalkers, +1 mutants (remaining S=1223 M=819)
[23:42:54] [INBOUND] Initial +2 stalkers, +2 mutants (remaining S=1221 M=817)
[23:42:55] [INBOUND] Initial +2 stalkers, +1 mutants (remaining S=1219 M=816)
[23:42:57] [INBOUND] Initial +3 stalkers, +2 mutants (remaining S=1216 M=814)
[23:42:58] [INBOUND] Initial +2 stalkers, +1 mutants (remaining S=1214 M=813)
[23:43:00] [INBOUND] Initial +2 stalkers, +1 mutants (remaining S=1212 M=812)
[23:43:01] [INBOUND] Initial +2 stalkers, +2 mutants (remaining S=1210 M=810)
[23:43:03] [INBOUND] Initial +2 stalkers, +1 mutants (remaining S=1208 M=809)
[23:43:04] [INBOUND] Initial +2 stalkers, +2 mutants (remaining S=1206 M=807)
[23:43:06] [INBOUND] Initial +2 stalkers, +1 mutants (remaining S=1204 M=806)
[23:43:07] [INBOUND] Initial +2 stalkers, +1 mutants (remaining S=1202 M=805)
[23:43:09] [INBOUND] Initial +2 stalkers, +2 mutants (remaining S=1200 M=803)
[23:43:10] [INBOUND] Initial +2 stalkers, +1 mutants (remaining S=1198 M=802)
[23:43:12] [INBOUND] Initial +2 stalkers, +1 mutants (remaining S=1196 M=801)
[23:43:13] [INBOUND] Initial +2 stalkers, +2 mutants (remaining S=1194 M=799)
[23:43:15] [INBOUND] Initial +2 stalkers, +1 mutants (remaining S=1192 M=798)
[23:43:15] [SNAPSHOT] real=3.1min game=D0 00:07 alive S=158 M=142 corpses=302 emission=Dormant nextIn=111gmin desperate=0 hungry=0 interval deaths=36 combats=54 trickleSpawns=0 ranks=[Rookie:158] goals=[Idle:72,Patrol::13] leaders: Ivan[Rookie/Patrol:], Dmytro[Rookie/Idle], Serhiy[Rookie/Idle], Damir[Rookie/Idle], Taras[Rookie/Idle]
[23:43:16] [INBOUND] Initial +3 stalkers, +2 mutants (remaining S=1189 M=796)
[23:43:18] [INBOUND] Initial +2 stalkers, +1 mutants (remaining S=1187 M=795)
[23:43:19] [INBOUND] Initial +2 stalkers, +1 mutants (remaining S=1185 M=794)
[23:43:21] [INBOUND] Initial +2 stalkers, +2 mutants (remaining S=1183 M=792)
[23:43:22] [INBOUND] Initial +2 stalkers, +1 mutants (remaining S=1181 M=791)
[23:43:24] [INBOUND] Initial +2 stalkers, +2 mutants (remaining S=1179 M=789)
[23:43:25] [INBOUND] Initial +2 stalkers, +1 mutants (remaining S=1177 M=788)
[23:43:27] [INBOUND] Initial +2 stalkers, +1 mutants (remaining S=1175 M=787)
[23:43:28] [INBOUND] Initial +2 stalkers, +2 mutants (remaining S=1173 M=785)
[23:43:30] [INBOUND] Initial +2 stalkers, +1 mutants (remaining S=1171 M=784)
[23:43:31] [INBOUND] Initial +2 stalkers, +2 mutants (remaining S=1169 M=782)
[23:43:32] [INBOUND] Initial +2 stalkers, +1 mutants (remaining S=1167 M=781)
[23:43:33] [INBOUND] Initial +2 stalkers, +1 mutants (remaining S=1165 M=780)
[23:43:34] [INBOUND] Initial +3 stalkers, +2 mutants (remaining S=1162 M=778)
[23:43:35] [INBOUND] Initial +2 stalkers, +1 mutants (remaining S=1160 M=777)
[23:43:37] [INBOUND] Initial +2 stalkers, +1 mutants (remaining S=1158 M=776)
[23:43:38] [INBOUND] Initial +2 stalkers, +2 mutants (remaining S=1156 M=774)
[23:43:39] [INBOUND] Initial +2 stalkers, +1 mutants (remaining S=1154 M=773)
[23:43:41] [INBOUND] Initial +2 stalkers, +2 mutants (remaining S=1152 M=771)
[23:43:42] [INBOUND] Initial +2 stalkers, +1 mutants (remaining S=1150 M=770)
[23:43:44] [INBOUND] Initial +2 stalkers, +1 mutants (remaining S=1148 M=769)
[23:43:45] [INBOUND] Initial +2 stalkers, +2 mutants (remaining S=1146 M=767)
[23:43:46] [SNAPSHOT] real=3.6min game=D0 00:08 alive S=157 M=161 corpses=361 emission=Dormant nextIn=110gmin desperate=0 hungry=0 interval deaths=47 combats=59 trickleSpawns=0 ranks=[Rookie:157] goals=[Idle:69,Patrol::14] leaders: Giorgi[Rookie/Idle], Viktor[Rookie/Idle], Taras[Rookie/Patrol:], Mikhail[Rookie/Patrol:], Jake[Rookie/Idle]
[23:43:47] [INBOUND] Initial +2 stalkers, +1 mutants (remaining S=1144 M=766)
[23:43:49] [INBOUND] Initial +2 stalkers, +2 mutants (remaining S=1142 M=764)
[23:43:50] [INBOUND] Initial +2 stalkers, +1 mutants (remaining S=1140 M=763)
[23:43:52] [INBOUND] Initial +2 stalkers, +1 mutants (remaining S=1138 M=762)
[23:43:53] [INBOUND] Initial +2 stalkers, +2 mutants (remaining S=1136 M=760)
[23:43:54] [INBOUND] Initial +3 stalkers, +1 mutants (remaining S=1133 M=759)
[23:43:56] [INBOUND] Initial +2 stalkers, +2 mutants (remaining S=1131 M=757)
[23:43:58] [INBOUND] Initial +2 stalkers, +1 mutants (remaining S=1129 M=756)
[23:43:59] [INBOUND] Initial +2 stalkers, +1 mutants (remaining S=1127 M=755)
