[00:35:43] [INIT] Debug logging enabled → logs/sim_20260813_003543.log
[00:35:43] [INIT] Snapshot interval=30s
[00:35:43] [INIT] Initial population: 6 stalkers, 0 mutants (not counted as trickle spawns)
[00:35:44] [TASK] Beard → ShareDrink (goal=Patrol)
[00:35:44] [TASK] Lukash → ShareDrink (goal=Patrol)
[00:35:44] [TASK] Professor → ShareDrink (goal=Patrol)
[00:35:44] [TASK] Barkeep → ShareDrink (goal=Patrol)
[00:35:44] [TASK] Cold → ShareDrink (goal=Patrol)
[00:35:44] [TASK] Sidorovich → ShareDrink (goal=Patrol)
[00:35:44] [INBOUND] Initial +2 stalkers, +1 mutants (remaining S=1492 M=999)
[00:35:45] [INBOUND] Initial +2 stalkers, +1 mutants (remaining S=1490 M=998)
[00:35:46] [INBOUND] Initial +2 stalkers, +2 mutants (remaining S=1488 M=996)
[00:35:47] [INBOUND] Initial +2 stalkers, +1 mutants (remaining S=1486 M=995)
[00:35:48] [INBOUND] Initial +2 stalkers, +1 mutants (remaining S=1484 M=994)
[00:35:49] [TASK] Pavel → TradeRun (goal=Patrol)
[00:35:49] [GOAL] Pavel achieved Patrol
[00:35:50] [INBOUND] Initial +2 stalkers, +2 mutants (remaining S=1482 M=992)
[00:35:51] [INBOUND] Initial +2 stalkers, +1 mutants (remaining S=1480 M=991)
[00:35:51] [TASK] Mikhail → ShareDrink (goal=Patrol)
[00:35:51] [TASK] Pavel → ShareDrink (goal=Patrol)
[00:35:51] [TASK] Viktor → ShareDrink (goal=Patrol)
[00:35:51] [TASK] Andriy → ShareDrink (goal=Patrol)
[00:35:52] [INBOUND] Initial +2 stalkers, +2 mutants (remaining S=1478 M=989)
[00:35:53] [INBOUND] Initial +2 stalkers, +1 mutants (remaining S=1476 M=988)
[00:35:54] [INBOUND] Initial +2 stalkers, +1 mutants (remaining S=1474 M=987)
[00:35:56] [INBOUND] Initial +2 stalkers, +2 mutants (remaining S=1472 M=985)
[00:35:57] [INBOUND] Initial +2 stalkers, +1 mutants (remaining S=1470 M=984)
[00:35:59] [INBOUND] Initial +2 stalkers, +2 mutants (remaining S=1468 M=982)
[00:35:59] [TASK] Sergei → TradeRun (goal=Patrol)
[00:35:59] [GOAL] Sergei achieved Patrol
[00:36:00] [INBOUND] Initial +3 stalkers, +1 mutants (remaining S=1465 M=981)
[00:36:01] [TASK] Oleksiy → ShareDrink (goal=Patrol)
[00:36:02] [INBOUND] Initial +2 stalkers, +1 mutants (remaining S=1463 M=980)
[00:36:02] [TASK] Mikhail → ShareDrink (goal=Patrol)
[00:36:02] [TASK] Sergei → ShareDrink (goal=Patrol)
[00:36:03] [INBOUND] Initial +2 stalkers, +2 mutants (remaining S=1461 M=978)
[00:36:04] [TASK] Andrei → TradeRun (goal=Patrol)
[00:36:04] [GOAL] Andrei achieved Patrol
[00:36:05] [INBOUND] Initial +2 stalkers, +1 mutants (remaining S=1459 M=977)
[00:36:06] [INBOUND] Initial +2 stalkers, +1 mutants (remaining S=1457 M=976)
[00:36:08] [TASK] Igor → ShareDrink (goal=Patrol)
[00:36:08] [TASK] Andrei → ShareDrink (goal=Patrol)
[00:36:08] [INBOUND] Initial +2 stalkers, +2 mutants (remaining S=1455 M=974)
[00:36:08] [TASK] Ivan → TradeRun (goal=Patrol)
[00:36:08] [GOAL] Ivan achieved Patrol
[00:36:09] [INBOUND] Initial +2 stalkers, +1 mutants (remaining S=1453 M=973)
[00:36:10] [INBOUND] Initial +2 stalkers, +2 mutants (remaining S=1451 M=971)
[00:36:11] [INBOUND] Initial +2 stalkers, +1 mutants (remaining S=1449 M=970)
[00:36:12] [TASK] Vasyl → ShareDrink (goal=Patrol)
[00:36:12] [TASK] Ivan → ShareDrink (goal=Patrol)
[00:36:13] [INBOUND] Initial +2 stalkers, +1 mutants (remaining S=1447 M=969)
[00:36:14] [INBOUND] Initial +2 stalkers, +2 mutants (remaining S=1445 M=967)
[00:36:14] [SNAPSHOT] real=0.5min game=D0 00:01 alive S=53 M=33 corpses=85 emission=Dormant nextIn=81gmin desperate=0 hungry=0 interval deaths=2 combats=2 tasks=21 trickleSpawns=0 ranks=[Rookie:53] goals=[Patrol::25] leaders: Lasha[Rookie/Patrol:], Ivan[Rookie/Patrol:], Connor[Rookie/Patrol:], Vasyl[Rookie/Patrol:], Dmitri[Rookie/Patrol:]
[00:36:15] [INBOUND] Initial +2 stalkers, +1 mutants (remaining S=1443 M=966)
[00:36:17] [INBOUND] Initial +2 stalkers, +2 mutants (remaining S=1441 M=964)
[00:36:18] [INBOUND] Initial +3 stalkers, +1 mutants (remaining S=1438 M=963)
[00:36:20] [INBOUND] Initial +2 stalkers, +1 mutants (remaining S=1436 M=962)
[00:36:20] [TASK] Ivan → PatrolWilds [military] (goal=Patrol)
[00:36:20] [GOAL] Ivan achieved Patrol
[00:36:21] [INBOUND] Initial +2 stalkers, +2 mutants (remaining S=1434 M=960)
[00:36:23] [TASK] Dmytro → TradeRun (goal=Patrol)
[00:36:23] [GOAL] Dmytro achieved Patrol
[00:36:23] [INBOUND] Initial +2 stalkers, +1 mutants (remaining S=1432 M=959)
[00:36:25] [INBOUND] Initial +2 stalkers, +2 mutants (remaining S=1430 M=957)
[00:36:26] [TASK] Oleksiy → TradeRun (goal=Patrol)
[00:36:26] [GOAL] Oleksiy achieved Patrol
[00:36:27] [INBOUND] Initial +2 stalkers, +1 mutants (remaining S=1428 M=956)
[00:36:28] [TASK] Ivan → ShareDrink (goal=Patrol)
[00:36:28] [TASK] Oleksiy → ShareDrink (goal=Patrol)
[00:36:28] [TASK] Dmytro → ShareDrink (goal=Patrol)
[00:36:28] [TASK] Ivan → ShareDrink (goal=Patrol)
[00:36:28] [TASK] Alexei → ShareDrink (goal=Patrol)
[00:36:28] [TASK] Andrei → ShareDrink (goal=Patrol)
[00:36:28] [INBOUND] Initial +2 stalkers, +1 mutants (remaining S=1426 M=955)
[00:36:29] [INBOUND] Initial +2 stalkers, +2 mutants (remaining S=1424 M=953)
[00:36:30] [TASK] Pavel → HarvestArtifact (goal=Patrol)
[00:36:30] [GOAL] Pavel achieved Patrol
[00:36:32] [INBOUND] Initial +2 stalkers, +1 mutants (remaining S=1422 M=952)
[00:36:33] [TASK] Bohdan → TradeRun (goal=Patrol)
[00:36:33] [GOAL] Bohdan achieved Patrol
[00:36:34] [INBOUND] Initial +2 stalkers, +1 mutants (remaining S=1420 M=951)
[00:36:35] [INBOUND] Initial +2 stalkers, +2 mutants (remaining S=1418 M=949)
[00:36:37] [INBOUND] Initial +2 stalkers, +1 mutants (remaining S=1416 M=948)
[00:36:39] [TASK] Taras → TradeRun (goal=Patrol)
[00:36:39] [GOAL] Taras achieved Patrol
[00:36:39] [INBOUND] Initial +2 stalkers, +2 mutants (remaining S=1414 M=946)
[00:36:40] [TASK] Karl → PatrolWilds [duga] (goal=Patrol)
[00:36:40] [GOAL] Karl achieved Patrol
[00:36:41] [INBOUND] Initial +3 stalkers, +1 mutants (remaining S=1411 M=945)
[00:36:41] [TASK] Bohdan → ShareDrink (goal=Patrol)
[00:36:41] [TASK] Taras → ShareDrink (goal=Patrol)
[00:36:41] [TASK] Bohdan → ShareDrink (goal=Patrol)
[00:36:41] [TASK] Bohdan → ShareDrink (goal=Patrol)
[00:36:42] [INBOUND] Initial +2 stalkers, +1 mutants (remaining S=1409 M=944)
[00:36:43] [TASK] Tobias → PatrolWilds [duga] (goal=Patrol)
[00:36:43] [GOAL] Tobias achieved Patrol
[00:36:44] [INBOUND] Initial +2 stalkers, +2 mutants (remaining S=1407 M=942)
[00:36:44] [SNAPSHOT] real=1.0min game=D0 00:02 alive S=80 M=56 corpses=98 emission=Dormant nextIn=80gmin desperate=0 hungry=0 interval deaths=11 combats=13 tasks=18 trickleSpawns=0 ranks=[Rookie:80] goals=[Patrol::46] leaders: Bohdan[Rookie/Patrol:], Oleksiy[Rookie/Patrol:], Oleksiy[Rookie/Patrol:], Tobias[Rookie/Patrol:], Viktor[Rookie/Patrol:]
[00:36:47] [INBOUND] Initial +2 stalkers, +1 mutants (remaining S=1405 M=941)
[00:36:48] [TASK] Oleg → TradeRun (goal=Patrol)
[00:36:48] [GOAL] Oleg achieved Patrol
[00:36:49] [INBOUND] Initial +2 stalkers, +2 mutants (remaining S=1403 M=939)
[00:36:49] [TASK] Viktor → TradeRun (goal=Patrol)
[00:36:49] [GOAL] Viktor achieved Patrol
[00:36:51] [INBOUND] Initial +2 stalkers, +1 mutants (remaining S=1401 M=938)
[00:36:53] [TASK] Alexei → PatrolWilds [zaton] (goal=Patrol)
[00:36:53] [GOAL] Alexei achieved Patrol
[00:36:53] [TASK] Giorgi → PatrolWilds [duga] (goal=Patrol)
[00:36:53] [GOAL] Giorgi achieved Patrol
[00:36:53] [TASK] Alexei → PatrolWilds [zaton] (goal=Patrol)
[00:36:53] [GOAL] Alexei achieved Patrol
[00:36:53] [TASK] Oleg → ShareDrink (goal=Patrol)
[00:36:54] [TASK] Bohdan → ShareDrink (goal=Patrol)
[00:36:54] [TASK] Viktor → ShareDrink (goal=Patrol)
[00:36:54] [INBOUND] Initial +2 stalkers, +1 mutants (remaining S=1399 M=937)
[00:36:55] [TASK] Oleksiy → TradeRun (goal=Patrol)
[00:36:55] [GOAL] Oleksiy achieved Patrol
[00:36:55] [INBOUND] Initial +2 stalkers, +2 mutants (remaining S=1397 M=935)
[00:36:57] [INBOUND] Initial +2 stalkers, +1 mutants (remaining S=1395 M=934)
[00:36:59] [TASK] Viktor → TradeRun (goal=Patrol)
[00:36:59] [GOAL] Viktor achieved Patrol
[00:37:00] [INBOUND] Initial +2 stalkers, +2 mutants (remaining S=1393 M=932)
[00:37:00] [TASK] Giorgi → ShareDrink (goal=Patrol)
[00:37:00] [TASK] Viktor → ShareDrink (goal=Patrol)
[00:37:00] [TASK] Oleksiy → ShareDrink (goal=Patrol)
[00:37:00] [TASK] Dmytro → ShareDrink (goal=Patrol)
[00:37:00] [TASK] Alexei → ShareDrink (goal=Patrol)
[00:37:01] [INBOUND] Initial +2 stalkers, +1 mutants (remaining S=1391 M=931)
[00:37:01] [TASK] Jake → PatrolWilds [yantar] (goal=Patrol)
[00:37:01] [GOAL] Jake achieved Patrol
[00:37:02] [INBOUND] Initial +2 stalkers, +1 mutants (remaining S=1389 M=930)
[00:37:04] [INBOUND] Initial +2 stalkers, +2 mutants (remaining S=1387 M=928)
[00:37:06] [INBOUND] Initial +2 stalkers, +1 mutants (remaining S=1385 M=927)
[00:37:08] [INBOUND] Initial +3 stalkers, +1 mutants (remaining S=1382 M=926)
[00:37:09] [TASK] Oleksiy → ShareDrink (goal=Patrol)
[00:37:09] [TASK] Jake → ShareDrink (goal=Patrol)
[00:37:09] [TASK] Alexei → ShareDrink (goal=Patrol)
[00:37:09] [GOAL] Alexei achieved Patrol
[00:37:09] [TASK] Oleksiy → ShareDrink (goal=Patrol)
[00:37:10] [INBOUND] Initial +2 stalkers, +2 mutants (remaining S=1380 M=924)
[00:37:11] [INBOUND] Initial +2 stalkers, +1 mutants (remaining S=1378 M=923)
[00:37:13] [INBOUND] Initial +2 stalkers, +2 mutants (remaining S=1376 M=921)
